 ffi_bindings

 Timestamp is 5bfb107a (Mon Nov 26 03:13:30 2018)

 Preferred load address is 0000000180000000

 Start         Length     Name                   Class
 0001:00000000 00000060H .text$di                CODE
 0001:00000060 0001d690H .text$mn                CODE
 0001:0001d6f0 00000020H .text$mn$00             CODE
 0001:0001d710 000003d0H .text$x                 CODE
 0001:0001dae0 000000eaH .text$yd                CODE
 0002:00000000 00000288H .idata$5                DATA
 0002:00000288 00000010H .00cfg                  DATA
 0002:00000298 00000008H .CRT$XCA                DATA
 0002:000002a0 00000010H .CRT$XCU                DATA
 0002:000002b0 00000008H .CRT$XCZ                DATA
 0002:000002b8 00000008H .CRT$XIA                DATA
 0002:000002c0 00000018H .CRT$XIC                DATA
 0002:000002d8 00000008H .CRT$XIZ                DATA
 0002:000002e0 00000008H .CRT$XPA                DATA
 0002:000002e8 00000010H .CRT$XPX                DATA
 0002:000002f8 00000008H .CRT$XPXA               DATA
 0002:00000300 00000008H .CRT$XPZ                DATA
 0002:00000308 00000008H .CRT$XTA                DATA
 0002:00000310 00000010H .CRT$XTZ                DATA
 0002:00000318 00000000H .gfids$y                DATA
 0002:00000320 000089a0H .rdata                  DATA
 0002:00008cc0 0000037cH .rdata$r                DATA
 0002:0000903c 000003ccH .rdata$zzzdbg           DATA
 0002:00009408 00000008H .rtc$IAA                DATA
 0002:00009410 00000008H .rtc$IZZ                DATA
 0002:00009418 00000008H .rtc$TAA                DATA
 0002:00009420 00000008H .rtc$TZZ                DATA
 0002:00009428 00001750H .xdata                  DATA
 0002:0000ab78 000001dcH .xdata$x                DATA
 0002:0000ad54 00000020H .didat$2                DATA
 0002:0000ad74 00000024H .didat$3                DATA
 0002:0000ad98 000001f0H .didat$4                DATA
 0002:0000af88 00000dc8H .didat$6                DATA
 0002:0000bd50 000001f0H .didat$7                DATA
 0002:0000bf40 0000005cH .edata                  DATA
 0002:0000bf9c 00000014H .idata$2                DATA
 0002:0000bfb0 00000018H .idata$3                DATA
 0002:0000bfc8 00000288H .idata$4                DATA
 0002:0000c250 000005caH .idata$6                DATA
 0003:00000000 00000970H .data                   DATA
 0003:00000970 00000118H .data$r                 DATA
 0003:00000a88 000001f8H .didat$5                DATA
 0003:00000c80 0000175cH .bss                    DATA
 0004:00000000 00001998H .pdata                  DATA
 0005:00000000 00000060H .rsrc$01                DATA
 0005:00000060 00000180H .rsrc$02                DATA

  Address         Publics by Value              Rva+Base               Lib:Object

 0000:00000000       __guard_iat_table          0000000000000000     <absolute>
 0000:00000000       __guard_iat_count          0000000000000000     <absolute>
 0000:00000000       __hybrid_code_map          0000000000000000     <absolute>
 0000:00000000       __hybrid_code_map_count    0000000000000000     <absolute>
 0000:00000000       __dynamic_value_reloc_table 0000000000000000     <absolute>
 0000:00000000       __hybrid_auxiliary_iat     0000000000000000     <absolute>
 0000:00000000       __guard_longjmp_table      0000000000000000     <absolute>
 0000:00000000       __guard_longjmp_count      0000000000000000     <absolute>
 0000:00000000       __guard_fids_count         0000000000000000     <absolute>
 0000:00000000       __enclave_config           0000000000000000     <absolute>
 0000:00000000       ___safe_se_handler_table   0000000000000000     <absolute>
 0000:00000000       ___safe_se_handler_count   0000000000000000     <absolute>
 0000:00000000       __guard_fids_table         0000000000000000     <absolute>
 0000:00000100       __guard_flags              0000000000000100     <absolute>
 0000:00000000       __ImageBase                0000000180000000     <linker-defined>
 0001:00000130       ?ThrowError@Nan@@YAXPEBD@Z 0000000180001130 f i ffi.obj
 0001:000001c0       ?Call@Callback@Nan@@QEBA?AV?$Local@VValue@v8@@@v8@@HQEAV34@@Z 00000001800011c0 f i ffi.obj
 0001:000003e0       ?WrapPointer@@YA?AV?$Local@VValue@v8@@@v8@@PEAD_K@Z 00000001800013e0 f i ffi.obj
 0001:000004a0       _guard_check_icall_nop     00000001800014a0 f   LIBCMT:guard_support.obj
 0001:000004a0       ?wrap_pointer_cb@@YAXPEADPEAX@Z 00000001800014a0 f   ffi.obj
 0001:000004b0       ?node_ffi_errno@@YAHXZ     00000001800014b0 f   ffi.obj
 0001:000004c0       ?InitializeStaticFunctions@FFI@@SAXV?$Local@VObject@v8@@@v8@@@Z 00000001800014c0 f   ffi.obj
 0001:00000890       ?InitializeBindings@FFI@@SAXV?$Local@VObject@v8@@@v8@@@Z 0000000180001890 f   ffi.obj
 0001:00002b60       ?FFIPrepCif@FFI@@KAXAEBV?$FunctionCallbackInfo@VValue@v8@@@Nan@@@Z 0000000180003b60 f   ffi.obj
 0001:00002d50       ?FFIPrepCifVar@FFI@@KAXAEBV?$FunctionCallbackInfo@VValue@v8@@@Nan@@@Z 0000000180003d50 f   ffi.obj
 0001:00002f70       ?FFICall@FFI@@KAXAEBV?$FunctionCallbackInfo@VValue@v8@@@Nan@@@Z 0000000180003f70 f   ffi.obj
 0001:000030a0       ?FFICallAsync@FFI@@KAXAEBV?$FunctionCallbackInfo@VValue@v8@@@Nan@@@Z 00000001800040a0 f   ffi.obj
 0001:00003280       ?AsyncFFICall@FFI@@KAXPEAUuv_work_s@@@Z 0000000180004280 f   ffi.obj
 0001:000032a0       ?FinishAsyncFFICall@FFI@@KAXPEAUuv_work_s@@@Z 00000001800042a0 f   ffi.obj
 0001:00003440       ?init@@YAXV?$Local@VObject@v8@@@v8@@@Z 0000000180004440 f   ffi.obj
 0001:000035c0       ??$New@VFunctionTemplate@v8@@@Nan@@YA?AV?$Local@VFunctionTemplate@v8@@@v8@@P6AXAEBV?$FunctionCallbackInfo@VValue@v8@@@0@@ZV?$Local@VValue@v8@@@2@@Z 00000001800045c0 f i ffi.obj
 0001:00003770       ?closure_pointer_cb@@YAXPEADPEAX@Z 0000000180004770 f   callback_info.obj
 0001:000037d0       ?DispatchToV8@CallbackInfo@@KAXPEAU_callback_info@@PEAXPEAPEAX_N@Z 00000001800047d0 f   callback_info.obj
 0001:00003970       ?WatcherCallback@CallbackInfo@@SAXPEAUuv_async_s@@H@Z 0000000180004970 f   callback_info.obj
 0001:00003a60       ?Callback@CallbackInfo@@KAXAEBV?$FunctionCallbackInfo@VValue@v8@@@Nan@@@Z 0000000180004a60 f   callback_info.obj
 0001:00003ce0       ?Invoke@CallbackInfo@@KAXPEAUffi_cif@@PEAXPEAPEAX1@Z 0000000180004ce0 f   callback_info.obj
 0001:00003eb0       ?_Growmap@?$deque@PEAVThreadedCallbackInvokation@@V?$allocator@PEAVThreadedCallbackInvokation@@@std@@@std@@IEAAX_K@Z 0000000180004eb0 f i callback_info.obj
 0001:000040c0       ?_Xlen@?$deque@PEAVThreadedCallbackInvokation@@V?$allocator@PEAVThreadedCallbackInvokation@@@std@@@std@@IEBAXXZ 00000001800050c0 f i callback_info.obj
 0001:000040e0       __local_stdio_printf_options 00000001800050e0 f i win32-dlfcn.obj
 0001:000040f0       sprintf                    00000001800050f0 f i win32-dlfcn.obj
 0001:00004150       dlopen                     0000000180005150 f   win32-dlfcn.obj
 0001:00004260       dlclose                    0000000180005260 f   win32-dlfcn.obj
 0001:000042b0       dlsym                      00000001800052b0 f   win32-dlfcn.obj
 0001:000042e0       dlerror                    00000001800052e0 f   win32-dlfcn.obj
 0001:00004440       ffi_prep_cif_core          0000000180005440 f   libffi:prep_cif.obj
 0001:00004600       ffi_prep_args              0000000180005600 f   libffi:ffi.obj
 0001:000047c0       ffi_call                   00000001800057c0 f   libffi:ffi.obj
 0001:00004880       ffi_closure_win64_inner    0000000180005880 f   libffi:ffi.obj
 0001:000049c0       ffi_prep_closure_loc       00000001800059c0 f   libffi:ffi.obj
 0001:000069f1       __imp_load_uv_queue_work   00000001800079f1 f   node:node.exe
 0001:000069fd       __tailMerge_node_exe       00000001800079fd     node:node.exe
 0001:00006a76       __imp_load_?Global@Context@v8@@QEAA?AV?$Local@VObject@v8@@@2@XZ 0000000180007a76 f   node:node.exe
 0001:00006a82       __imp_load_?Value@External@v8@@QEBAPEAXXZ 0000000180007a82 f   node:node.exe
 0001:00006a8e       __imp_load_?New@External@v8@@SA?AV?$Local@VExternal@v8@@@2@PEAVIsolate@2@PEAX@Z 0000000180007a8e f   node:node.exe
 0001:00006a9a       __imp_load_?NewFromUnsigned@Integer@v8@@SA?AV?$Local@VInteger@v8@@@2@PEAVIsolate@2@I@Z 0000000180007a9a f   node:node.exe
 0001:00006aa6       __imp_load_?New@Integer@v8@@SA?AV?$Local@VInteger@v8@@@2@PEAVIsolate@2@H@Z 0000000180007aa6 f   node:node.exe
 0001:00006ab2       __imp_load_?ThrowException@Isolate@v8@@QEAA?AV?$Local@VValue@v8@@@2@V32@@Z 0000000180007ab2 f   node:node.exe
 0001:00006abe       __imp_load_?GetCurrentContext@Isolate@v8@@QEAA?AV?$Local@VContext@v8@@@2@XZ 0000000180007abe f   node:node.exe
 0001:00006aca       __imp_load_?GetCurrent@Isolate@v8@@SAPEAV12@XZ 0000000180007aca f   node:node.exe
 0001:00006ad6       __imp_load_?CreateHandle@HandleScope@v8@@KAPEAPEAVObject@internal@2@PEAVIsolate@42@PEAV342@@Z 0000000180007ad6 f   node:node.exe
 0001:00006ae2       __imp_load_?CreateHandle@HandleScope@v8@@CAPEAPEAVObject@internal@2@PEAVHeapObject@42@PEAV342@@Z 0000000180007ae2 f   node:node.exe
 0001:00006aee       __imp_load_??1HandleScope@v8@@QEAA@XZ 0000000180007aee f   node:node.exe
 0001:00006afa       __imp_load_??0HandleScope@v8@@QEAA@PEAVIsolate@1@@Z 0000000180007afa f   node:node.exe
 0001:00006b06       __imp_load_?Error@Exception@v8@@SA?AV?$Local@VValue@v8@@@2@V?$Local@VString@v8@@@2@@Z 0000000180007b06 f   node:node.exe
 0001:00006b12       __imp_load_?GetFunction@FunctionTemplate@v8@@QEAA?AV?$Local@VFunction@v8@@@2@XZ 0000000180007b12 f   node:node.exe
 0001:00006b1e       __imp_load_?New@FunctionTemplate@v8@@SA?AV?$Local@VFunctionTemplate@v8@@@2@PEAVIsolate@2@P6AXAEBV?$FunctionCallbackInfo@VValue@v8@@@2@@ZV?$Local@VValue@v8@@@2@V?$Local@VSignature@v8@@@2@HW4ConstructorBehavior@2@@Z 0000000180007b1e f   node:node.exe
 0001:00006b2a       __imp_load_?ToLocalEmpty@V8@v8@@CAXXZ 0000000180007b2a f   node:node.exe
 0001:00006b36       __imp_load_?DisposeGlobal@V8@v8@@CAXPEAPEAVObject@internal@2@@Z 0000000180007b36 f   node:node.exe
 0001:00006b42       __imp_load_?GlobalizeReference@V8@v8@@CAPEAPEAVObject@internal@2@PEAVIsolate@42@PEAPEAV342@@Z 0000000180007b42 f   node:node.exe
 0001:00006b4e       __imp_load_?Uint32Value@Value@v8@@QEBAIXZ 0000000180007b4e f   node:node.exe
 0001:00006b5a       __imp_load_?ToUint32@Value@v8@@QEBA?AV?$MaybeLocal@VUint32@v8@@@2@V?$Local@VContext@v8@@@2@@Z 0000000180007b5a f   node:node.exe
 0001:00006b66       __imp_load_?ToInteger@Value@v8@@QEBA?AV?$MaybeLocal@VInteger@v8@@@2@V?$Local@VContext@v8@@@2@@Z 0000000180007b66 f   node:node.exe
 0001:00006b72       __imp_load_?IsName@Value@v8@@QEBA_NXZ 0000000180007b72 f   node:node.exe
 0001:00006b7e       __imp_load_?HasCaught@TryCatch@v8@@QEBA_NXZ 0000000180007b7e f   node:node.exe
 0001:00006b8a       __imp_load_??1TryCatch@v8@@QEAA@XZ 0000000180007b8a f   node:node.exe
 0001:00006b96       __imp_load_??0TryCatch@v8@@QEAA@PEAVIsolate@1@@Z 0000000180007b96 f   node:node.exe
 0001:00006ba2       __imp_load_?Escape@EscapableHandleScope@v8@@AEAAPEAPEAVObject@internal@2@PEAPEAV342@@Z 0000000180007ba2 f   node:node.exe
 0001:00006bae       __imp_load_??0EscapableHandleScope@v8@@QEAA@PEAVIsolate@1@@Z 0000000180007bae f   node:node.exe
 0001:00006bba       __imp_load_?NewFromUtf8@String@v8@@SA?AV?$MaybeLocal@VString@v8@@@2@PEAVIsolate@2@PEBDW4NewStringType@2@H@Z 0000000180007bba f   node:node.exe
 0001:00006bc6       __imp_load_?SlowGetInternalField@Object@v8@@AEAA?AV?$Local@VValue@v8@@@2@H@Z 0000000180007bc6 f   node:node.exe
 0001:00006bd2       __imp_load_?New@Object@v8@@SA?AV?$Local@VObject@v8@@@2@PEAVIsolate@2@@Z 0000000180007bd2 f   node:node.exe
 0001:00006bde       __imp_load_?SetInternalField@Object@v8@@QEAAXHV?$Local@VValue@v8@@@2@@Z 0000000180007bde f   node:node.exe
 0001:00006bea       __imp_load_?DefineOwnProperty@Object@v8@@QEAA?AV?$Maybe@_N@2@V?$Local@VContext@v8@@@2@V?$Local@VName@v8@@@2@V?$Local@VValue@v8@@@2@W4PropertyAttribute@2@@Z 0000000180007bea f   node:node.exe
 0001:00006bf6       __imp_load_?Set@Object@v8@@QEAA_NV?$Local@VValue@v8@@@2@0@Z 0000000180007bf6 f   node:node.exe
 0001:00006c02       __imp_load_?Set@Object@v8@@QEAA?AV?$Maybe@_N@2@V?$Local@VContext@v8@@@2@V?$Local@VValue@v8@@@2@1@Z 0000000180007c02 f   node:node.exe
 0001:00006c0e       __imp_load_?SetInternalFieldCount@ObjectTemplate@v8@@QEAAXH@Z 0000000180007c0e f   node:node.exe
 0001:00006c1a       __imp_load_?NewInstance@ObjectTemplate@v8@@QEAA?AV?$MaybeLocal@VObject@v8@@@2@V?$Local@VContext@v8@@@2@@Z 0000000180007c1a f   node:node.exe
 0001:00006c26       __imp_load_?New@ObjectTemplate@v8@@SA?AV?$Local@VObjectTemplate@v8@@@2@PEAVIsolate@2@V?$Local@VFunctionTemplate@v8@@@2@@Z 0000000180007c26 f   node:node.exe
 0001:00006c32       __imp_load_?EmitAsyncDestroy@node@@YAXPEAVIsolate@v8@@Uasync_context@1@@Z 0000000180007c32 f   node:node.exe
 0001:00006c3e       __imp_load_?FatalException@node@@YAXPEAVIsolate@v8@@AEBVTryCatch@3@@Z 0000000180007c3e f   node:node.exe
 0001:00006c4a       __imp_load_node_module_register 0000000180007c4a f   node:node.exe
 0001:00006c56       __imp_load_?HasInstance@Buffer@node@@YA_NV?$Local@VValue@v8@@@v8@@@Z 0000000180007c56 f   node:node.exe
 0001:00006c62       __imp_load_?New@Buffer@node@@YA?AV?$MaybeLocal@VObject@v8@@@v8@@PEAVIsolate@4@PEAD_KP6AX1PEAX@Z3@Z 0000000180007c62 f   node:node.exe
 0001:00006c6e       __imp_load_?Data@Buffer@node@@YAPEADV?$Local@VObject@v8@@@v8@@@Z 0000000180007c6e f   node:node.exe
 0001:00006c7a       __imp_load_?MakeCallback@node@@YA?AV?$MaybeLocal@VValue@v8@@@v8@@PEAVIsolate@3@V?$Local@VObject@v8@@@3@V?$Local@VFunction@v8@@@3@HPEAV?$Local@VValue@v8@@@3@Uasync_context@1@@Z 0000000180007c7a f   node:node.exe
 0001:00006c86       __imp_load_?EmitAsyncInit@node@@YA?AUasync_context@1@PEAVIsolate@v8@@V?$Local@VObject@v8@@@4@V?$Local@VString@v8@@@4@N@Z 0000000180007c86 f   node:node.exe
 0001:00006c92       __imp_load_uv_default_loop 0000000180007c92 f   node:node.exe
 0001:00006c9e       __imp_load_?ToObject@Value@v8@@QEBA?AV?$Local@VObject@v8@@@2@XZ 0000000180007c9e f   node:node.exe
 0001:00006caa       __imp_load_uv_unref        0000000180007caa f   node:node.exe
 0001:00006cb6       __imp_load_uv_mutex_unlock 0000000180007cb6 f   node:node.exe
 0001:00006cc2       __imp_load_?Int32Value@Value@v8@@QEBAHXZ 0000000180007cc2 f   node:node.exe
 0001:00006cce       __imp_load_uv_mutex_lock   0000000180007cce f   node:node.exe
 0001:00006cda       __imp_load_uv_ref          0000000180007cda f   node:node.exe
 0001:00006ce6       __imp_load_uv_mutex_init   0000000180007ce6 f   node:node.exe
 0001:00006cf2       __imp_load_uv_async_send   0000000180007cf2 f   node:node.exe
 0001:00006cfe       __imp_load_uv_async_init   0000000180007cfe f   node:node.exe
 0001:00006d0a       __imp_load_uv_cond_signal  0000000180007d0a f   node:node.exe
 0001:00006d16       __imp_load_uv_cond_destroy 0000000180007d16 f   node:node.exe
 0001:00006d22       __imp_load_uv_cond_init    0000000180007d22 f   node:node.exe
 0001:00006d2e       __imp_load_uv_cond_wait    0000000180007d2e f   node:node.exe
 0001:00006d3a       __imp_load_uv_mutex_destroy 0000000180007d3a f   node:node.exe
 0001:00006d50       ffi_closure_win64          0000000180007d50 f   libffi:win64.obj
 0001:00006dcc       ffi_call_win64             0000000180007dcc f   libffi:win64.obj
 0001:00006f20       ??0bad_alloc@std@@QEAA@AEBV01@@Z 0000000180007f20 f i libcpmt:xthrow.obj
 0001:00006f60       ??0bad_alloc@std@@QEAA@XZ  0000000180007f60 f i libcpmt:xthrow.obj
 0001:00006f80       ??0exception@std@@QEAA@AEBV01@@Z 0000000180007f80 f i libcpmt:xthrow.obj
 0001:00006fb8       ??0length_error@std@@QEAA@AEBV01@@Z 0000000180007fb8 f i libcpmt:xthrow.obj
 0001:00006ff8       ??0length_error@std@@QEAA@PEBD@Z 0000000180007ff8 f i libcpmt:xthrow.obj
 0001:00007044       ??0logic_error@std@@QEAA@AEBV01@@Z 0000000180008044 f i libcpmt:xthrow.obj
 0001:00007084       ??1bad_exception@std@@UEAA@XZ 0000000180008084 f i libvcruntime:frame.obj
 0001:00007084       ??1bad_alloc@std@@UEAA@XZ  0000000180008084 f i libcpmt:xthrow.obj
 0001:00007084       ??1length_error@std@@UEAA@XZ 0000000180008084 f i libcpmt:xthrow.obj
 0001:00007084       ??1bad_array_new_length@std@@UEAA@XZ 0000000180008084 f i LIBCMT:throw_bad_alloc.obj
 0001:00007098       ??_Ebad_array_new_length@std@@UEAAPEAXI@Z 0000000180008098 f i LIBCMT:throw_bad_alloc.obj
 0001:00007098       ??_Elogic_error@std@@UEAAPEAXI@Z 0000000180008098 f i libcpmt:xthrow.obj
 0001:00007098       ??_Gexception@std@@UEAAPEAXI@Z 0000000180008098 f i libcpmt:xthrow.obj
 0001:00007098       ??_Eexception@std@@UEAAPEAXI@Z 0000000180008098 f i libcpmt:xthrow.obj
 0001:00007098       ??_Glogic_error@std@@UEAAPEAXI@Z 0000000180008098 f i libcpmt:xthrow.obj
 0001:00007098       ??_Elength_error@std@@UEAAPEAXI@Z 0000000180008098 f i libcpmt:xthrow.obj
 0001:00007098       ??_Gbad_alloc@std@@UEAAPEAXI@Z 0000000180008098 f i libcpmt:xthrow.obj
 0001:00007098       ??_Gbad_exception@std@@UEAAPEAXI@Z 0000000180008098 f i libvcruntime:frame.obj
 0001:00007098       ??_Glength_error@std@@UEAAPEAXI@Z 0000000180008098 f i libcpmt:xthrow.obj
 0001:00007098       ??_Ebad_alloc@std@@UEAAPEAXI@Z 0000000180008098 f i libcpmt:xthrow.obj
 0001:00007098       ??_Ebad_exception@std@@UEAAPEAXI@Z 0000000180008098 f i libvcruntime:frame.obj
 0001:00007098       ??_Gbad_array_new_length@std@@UEAAPEAXI@Z 0000000180008098 f i LIBCMT:throw_bad_alloc.obj
 0001:000070dc       ?_Xlength_error@std@@YAXPEBD@Z 00000001800080dc f   libcpmt:xthrow.obj
 0001:00007100       ?what@exception@std@@UEBAPEBDXZ 0000000180008100 f i libcpmt:xthrow.obj
 0001:00007130       __security_check_cookie    0000000180008130 f   LIBCMT:_amdsecgs_.obj
 0001:00007154       ??2@YAPEAX_K@Z             0000000180008154 f   LIBCMT:new_scalar.obj
 0001:00007190       ??3@YAXPEAX_K@Z            0000000180008190 f   LIBCMT:delete_scalar_size.obj
 0001:00007198       __scrt_acquire_startup_lock 0000000180008198 f   LIBCMT:utility.obj
 0001:000071d4       __scrt_dllmain_after_initialize_c 00000001800081d4 f   LIBCMT:utility.obj
 0001:00007208       __scrt_dllmain_before_initialize_c 0000000180008208 f   LIBCMT:utility.obj
 0001:00007220       __scrt_dllmain_crt_thread_attach 0000000180008220 f   LIBCMT:utility.obj
 0001:00007248       __scrt_dllmain_crt_thread_detach 0000000180008248 f   LIBCMT:utility.obj
 0001:00007260       __scrt_dllmain_exception_filter 0000000180008260 f   LIBCMT:utility.obj
 0001:000072c0       __scrt_dllmain_uninitialize_c 00000001800082c0 f   LIBCMT:utility.obj
 0001:000072f0       __scrt_dllmain_uninitialize_critical 00000001800082f0 f   LIBCMT:utility.obj
 0001:00007304       __scrt_initialize_crt      0000000180008304 f   LIBCMT:utility.obj
 0001:00007350       __scrt_initialize_onexit_tables 0000000180008350 f   LIBCMT:utility.obj
 0001:0000742c       __scrt_is_nonwritable_in_current_image 000000018000842c f   LIBCMT:utility.obj
 0001:000074c8       __scrt_release_startup_lock 00000001800084c8 f   LIBCMT:utility.obj
 0001:000074ec       __scrt_uninitialize_crt    00000001800084ec f   LIBCMT:utility.obj
 0001:00007518       _onexit                    0000000180008518 f   LIBCMT:utility.obj
 0001:00007568       atexit                     0000000180008568 f   LIBCMT:utility.obj
 0001:000078a0       _DllMainCRTStartup         00000001800088a0 f   LIBCMT:dll_dllmain.obj
 0001:000078f0       _alloca_probe              00000001800088f0 f   LIBCMT:_chkstk_.obj
 0001:000078f0       __chkstk                   00000001800088f0 f   LIBCMT:_chkstk_.obj
 0001:00007944       ??_Etype_info@@UEAAPEAXI@Z 0000000180008944 f i LIBCMT:std_type_info_static.obj
 0001:00007944       ??_Gtype_info@@UEAAPEAXI@Z 0000000180008944 f i LIBCMT:std_type_info_static.obj
 0001:00007970       __raise_securityfailure    0000000180008970 f   LIBCMT:gs_report.obj
 0001:000079a4       __report_gsfailure         00000001800089a4 f   LIBCMT:gs_report.obj
 0001:00007a78       __report_rangecheckfailure 0000000180008a78 f   LIBCMT:gs_report.obj
 0001:00007a8c       __report_securityfailure   0000000180008a8c f   LIBCMT:gs_report.obj
 0001:00007c0c       ??0bad_array_new_length@std@@QEAA@AEBV01@@Z 0000000180008c0c f i LIBCMT:throw_bad_alloc.obj
 0001:00007c4c       ??0bad_array_new_length@std@@QEAA@XZ 0000000180008c4c f i LIBCMT:throw_bad_alloc.obj
 0001:00007c6c       ?__scrt_throw_std_bad_alloc@@YAXXZ 0000000180008c6c f   LIBCMT:throw_bad_alloc.obj
 0001:00007c8c       ?__scrt_throw_std_bad_array_new_length@@YAXXZ 0000000180008c8c f   LIBCMT:throw_bad_alloc.obj
 0001:00007cac       ??3@YAXPEAX@Z              0000000180008cac f   LIBCMT:delete_scalar.obj
 0001:00007cb4       __isa_available_init       0000000180008cb4 f   LIBCMT:_cpu_disp_.obj
 0001:00007e70       DllMain                    0000000180008e70 f   LIBCMT:dll_dllmain_stub.obj
 0001:00007e70       _get_startup_argv_mode     0000000180008e70 f   LIBCMT:argv_mode.obj
 0001:00007e78       __scrt_is_ucrt_dll_in_use  0000000180008e78 f   LIBCMT:ucrt_detection.obj
 0001:00007e84       __crt_debugger_hook        0000000180008e84 f   LIBCMT:utility_desktop.obj
 0001:00007e8c       __scrt_fastfail            0000000180008e8c f   LIBCMT:utility_desktop.obj
 0001:00007fd8       __security_init_cookie     0000000180008fd8 f   LIBCMT:gs_support.obj
 0001:00008088       ?__scrt_initialize_type_info@@YAXXZ 0000000180009088 f   LIBCMT:tncleanup.obj
 0001:00008098       ?__scrt_uninitialize_type_info@@YAXXZ 0000000180009098 f   LIBCMT:tncleanup.obj
 0001:000080a4       __local_stdio_scanf_options 00000001800090a4 f i LIBCMT:default_local_stdio_options.obj
 0001:000080ac       __scrt_initialize_default_local_stdio_options 00000001800090ac f   LIBCMT:default_local_stdio_options.obj
 0001:000080c8       __scrt_get_dyn_tls_init_callback 00000001800090c8 f   LIBCMT:dyn_tls_init.obj
 0001:000080d0       _RTC_Initialize            00000001800090d0 f   LIBCMT:_initsect_.obj
 0001:0000810c       _RTC_Terminate             000000018000910c f   LIBCMT:_initsect_.obj
 0001:00008150       __std_exception_copy       0000000180009150 f   libvcruntime:std_exception.obj
 0001:000081e0       __std_exception_destroy    00000001800091e0 f   libvcruntime:std_exception.obj
 0001:00008208       _CxxThrowException         0000000180009208 f   libvcruntime:throw.obj
 0001:000082c8       __vcrt_initialize          00000001800092c8 f   libvcruntime:initialization.obj
 0001:000082fc       __vcrt_thread_attach       00000001800092fc f   libvcruntime:initialization.obj
 0001:00008310       __vcrt_thread_detach       0000000180009310 f   libvcruntime:initialization.obj
 0001:00008324       __vcrt_uninitialize        0000000180009324 f   libvcruntime:initialization.obj
 0001:00008344       __vcrt_uninitialize_critical 0000000180009344 f   libvcruntime:initialization.obj
 0001:00008354       __C_specific_handler       0000000180009354 f   libvcruntime:_riscchandler_.obj
 0001:00008570       memset                     0000000180009570 f   libvcruntime:memset.obj
 0001:00008720       __std_type_info_compare    0000000180009720 f   libvcruntime:std_type_info.obj
 0001:00008748       __std_type_info_destroy_list 0000000180009748 f   libvcruntime:std_type_info.obj
 0001:00008774       __vcrt_freefls             0000000180009774 f   libvcruntime:per_thread_data.obj
 0001:00008794       __vcrt_freeptd             0000000180009794 f   libvcruntime:per_thread_data.obj
 0001:000087e4       __vcrt_getptd              00000001800097e4 f   libvcruntime:per_thread_data.obj
 0001:00008800       __vcrt_getptd_noexit       0000000180009800 f   libvcruntime:per_thread_data.obj
 0001:000088b8       __vcrt_initialize_ptd      00000001800098b8 f   libvcruntime:per_thread_data.obj
 0001:00008908       __vcrt_uninitialize_ptd    0000000180009908 f   libvcruntime:per_thread_data.obj
 0001:0000892c       __vcrt_initialize_locks    000000018000992c f   libvcruntime:locks.obj
 0001:00008974       __vcrt_uninitialize_locks  0000000180009974 f   libvcruntime:locks.obj
 0001:00008b84       __vcrt_FlsAlloc            0000000180009b84 f   libvcruntime:winapi_downlevel.obj
 0001:00008bcc       __vcrt_FlsFree             0000000180009bcc f   libvcruntime:winapi_downlevel.obj
 0001:00008c14       __vcrt_FlsGetValue         0000000180009c14 f   libvcruntime:winapi_downlevel.obj
 0001:00008c5c       __vcrt_FlsSetValue         0000000180009c5c f   libvcruntime:winapi_downlevel.obj
 0001:00008cb0       __vcrt_InitializeCriticalSectionEx 0000000180009cb0 f   libvcruntime:winapi_downlevel.obj
 0001:00008d14       __vcrt_initialize_winapi_thunks 0000000180009d14 f   libvcruntime:winapi_downlevel.obj
 0001:00008d44       __vcrt_uninitialize_winapi_thunks 0000000180009d44 f   libvcruntime:winapi_downlevel.obj
 0001:00008d84       __vcrt_initialize_pure_virtual_call_handler 0000000180009d84 f   libvcruntime:purevirt_data.obj
 0001:00008db0       _local_unwind              0000000180009db0 f   libvcruntime:_jmpuwind_.obj
 0001:00008de0       _NLG_Notify                0000000180009de0 f   libvcruntime:_jmpuwind_.obj
 0001:00008e00       __NLG_Dispatch2            0000000180009e00 f   libvcruntime:_jmpuwind_.obj
 0001:00008e10       __NLG_Return2              0000000180009e10 f   libvcruntime:_jmpuwind_.obj
 0001:00008e14       __except_validate_context_record 0000000180009e14 f   libvcruntime:jbcxrval.obj
 0001:00008e4c       ?_ExecutionInCatch@@YAHPEAU_xDISPATCHER_CONTEXT@@PEBU_s_FuncInfo@@@Z 0000000180009e4c f   libvcruntime:risctrnsctrl.obj
 0001:00008ec0       ?_GetEstablisherFrame@@YAPEA_KPEA_KPEAU_xDISPATCHER_CONTEXT@@PEBU_s_FuncInfo@@0@Z 0000000180009ec0 f   libvcruntime:risctrnsctrl.obj
 0001:00008f8c       ?_GetRangeOfTrysToCheck@@YAPEBU_s_TryBlockMapEntry@@PEA_KPEBU_s_FuncInfo@@HHPEAI2PEAU_xDISPATCHER_CONTEXT@@@Z 0000000180009f8c f   libvcruntime:risctrnsctrl.obj
 0001:000090b8       ?__FrameUnwindToEmptyState@@YAXPEA_KPEAU_xDISPATCHER_CONTEXT@@PEBU_s_FuncInfo@@@Z 000000018000a0b8 f   libvcruntime:risctrnsctrl.obj
 0001:0000914c       _CallSETranslator          000000018000a14c f   libvcruntime:risctrnsctrl.obj
 0001:000091a0       _CreateFrameInfo           000000018000a1a0 f   libvcruntime:risctrnsctrl.obj
 0001:000091dc       _FindAndUnlinkFrame        000000018000a1dc f   libvcruntime:risctrnsctrl.obj
 0001:00009230       _GetImageBase              000000018000a230 f   libvcruntime:risctrnsctrl.obj
 0001:00009244       _GetThrowImageBase         000000018000a244 f   libvcruntime:risctrnsctrl.obj
 0001:00009258       _SetImageBase              000000018000a258 f   libvcruntime:risctrnsctrl.obj
 0001:00009270       _SetThrowImageBase         000000018000a270 f   libvcruntime:risctrnsctrl.obj
 0001:00009288       _UnwindNestedFrames        000000018000a288 f   libvcruntime:risctrnsctrl.obj
 0001:000093ac       __CxxFrameHandler3         000000018000a3ac f   libvcruntime:risctrnsctrl.obj
 0001:00009440       memcpy                     000000018000a440 f   libvcruntime:memcpy.obj
 0001:00009440       memmove                    000000018000a440 f   libvcruntime:memcpy.obj
 0001:00009888       ?__GetCurrentState@@YAHPEA_KPEAU_xDISPATCHER_CONTEXT@@PEBU_s_FuncInfo@@@Z 000000018000a888 f   libvcruntime:riscehstate.obj
 0001:000098b0       ?__GetUnwindTryBlock@@YAHPEA_KPEAU_xDISPATCHER_CONTEXT@@PEBU_s_FuncInfo@@@Z 000000018000a8b0 f   libvcruntime:riscehstate.obj
 0001:000098dc       ?__SetState@@YAXPEA_KPEAU_xDISPATCHER_CONTEXT@@PEBU_s_FuncInfo@@H@Z 000000018000a8dc f   libvcruntime:riscehstate.obj
 0001:000098e8       ?__SetUnwindTryBlock@@YAXPEA_KPEAU_xDISPATCHER_CONTEXT@@PEBU_s_FuncInfo@@H@Z 000000018000a8e8 f   libvcruntime:riscehstate.obj
 0001:00009924       ?__StateFromControlPc@@YAHPEBU_s_FuncInfo@@PEAU_xDISPATCHER_CONTEXT@@@Z 000000018000a924 f   libvcruntime:riscehstate.obj
 0001:0000992c       ?__StateFromIp@@YAHPEBU_s_FuncInfo@@PEAU_xDISPATCHER_CONTEXT@@_K@Z 000000018000a92c f   libvcruntime:riscehstate.obj
 0001:00009994       ??0bad_exception@std@@QEAA@AEBV01@@Z 000000018000a994 f i libvcruntime:frame.obj
 0001:000099d4       ??0bad_exception@std@@QEAA@XZ 000000018000a9d4 f i libvcruntime:frame.obj
 0001:0000a31c       ?_CallMemberFunction1@@YAXQEAX00@Z 000000018000b31c f i libvcruntime:frame.obj
 0001:0000a328       ?_CallMemberFunction2@@YAXQEAX00H@Z 000000018000b328 f i libvcruntime:frame.obj
 0001:0000a338       __BuildCatchObject         000000018000b338 f   libvcruntime:frame.obj
 0001:0000a3f8       __BuildCatchObjectHelper   000000018000b3f8 f   libvcruntime:frame.obj
 0001:0000a5f8       __CxxCallCatchBlock        000000018000b5f8 f   libvcruntime:frame.obj
 0001:0000a7e4       __FrameUnwindToState       000000018000b7e4 f   libvcruntime:frame.obj
 0001:0000a978       __InternalCxxFrameHandler  000000018000b978 f   libvcruntime:frame.obj
 0001:0000abbc       __TypeMatch                000000018000bbbc f   libvcruntime:frame.obj
 0001:0000ad10       _CallSettingFrame          000000018000bd10 f   libvcruntime:handlers.obj
 0001:0000ad50       __DestructExceptionObject  000000018000bd50 f   libvcruntime:ehhelpers.obj
 0001:0000adc4       ?_CallMemberFunction0@@YAXQEAX0@Z 000000018000bdc4 f i libvcruntime:ehhelpers.obj
 0001:0000adc8       _IsExceptionObjectToBeDestroyed 000000018000bdc8 f   libvcruntime:ehhelpers.obj
 0001:0000adf8       __AdjustPointer            000000018000bdf8 f   libvcruntime:ehhelpers.obj
 0001:0000ae1c       __FrameUnwindFilter        000000018000be1c f   libvcruntime:ehhelpers.obj
 0001:0000ae68       __acrt_errno_from_os_error 000000018000be68 f   libucrt:errno.obj
 0001:0000aeb0       __acrt_errno_map_os_error  000000018000beb0 f   libucrt:errno.obj
 0001:0000af00       __doserrno                 000000018000bf00 f   libucrt:errno.obj
 0001:0000af20       _errno                     000000018000bf20 f   libucrt:errno.obj
 0001:0000b918       ??$ftprintf@PEAU_iobuf@@PEB_WAEBQEB_WAEBQEB_WAEBI@?$__crt_char_traits@_W@@SAH$$QEAPEAU_iobuf@@$$QEAPEB_WAEBQEB_W2AEBI@Z 000000018000c918 f i libucrt:assert.obj
 0001:0000b940       _wassert                   000000018000c940 f   libucrt:assert.obj
 0001:0000b9c4       fwprintf                   000000018000c9c4 f i libucrt:assert.obj
 0001:0000ba08       swprintf                   000000018000ca08 f i libucrt:assert.obj
 0001:0000ba5c       __acrt_call_reportfault    000000018000ca5c f   libucrt:invalid_parameter.obj
 0001:0000bbb8       __acrt_initialize_invalid_parameter_handler 000000018000cbb8 f   libucrt:invalid_parameter.obj
 0001:0000bbc0       _invalid_parameter         000000018000cbc0 f   libucrt:invalid_parameter.obj
 0001:0000bc70       _invalid_parameter_noinfo  000000018000cc70 f   libucrt:invalid_parameter.obj
 0001:0000bc90       _invalid_parameter_noinfo_noreturn 000000018000cc90 f   libucrt:invalid_parameter.obj
 0001:0000bcc0       _invoke_watson             000000018000ccc0 f   libucrt:invalid_parameter.obj
 0001:0000c0e8       ??$ensure_buffer_is_big_enough@D@formatting_buffer@__crt_stdio_output@@QEAA_N_K@Z 000000018000d0e8 f i libucrt:output.obj
 0001:0000c190       ??$ensure_buffer_is_big_enough@_W@formatting_buffer@__crt_stdio_output@@QEAA_N_K@Z 000000018000d190 f i libucrt:output.obj
 0001:0000c23c       ??$is_wide_character_specifier@_W@__crt_stdio_output@@YA_N_K_WW4length_modifier@0@@Z 000000018000d23c f i libucrt:output.obj
 0001:0000c27c       ??$type_case_integer_parse_into_buffer@I@?$output_processor@DV?$string_output_adapter@D@__crt_stdio_output@@V?$standard_base@DV?$string_output_adapter@D@__crt_stdio_output@@@2@@__crt_stdio_output@@AEAAXII_N@Z 000000018000d27c f i libucrt:output.obj
 0001:0000c30c       ??$type_case_integer_parse_into_buffer@I@?$output_processor@_WV?$stream_output_adapter@_W@__crt_stdio_output@@V?$standard_base@_WV?$stream_output_adapter@_W@__crt_stdio_output@@@2@@__crt_stdio_output@@AEAAXII_N@Z 000000018000d30c f i libucrt:output.obj
 0001:0000c30c       ??$type_case_integer_parse_into_buffer@I@?$output_processor@_WV?$string_output_adapter@_W@__crt_stdio_output@@V?$standard_base@_WV?$string_output_adapter@_W@__crt_stdio_output@@@2@@__crt_stdio_output@@AEAAXII_N@Z 000000018000d30c f i libucrt:output.obj
 0001:0000c3ac       ??$type_case_integer_parse_into_buffer@_K@?$output_processor@DV?$string_output_adapter@D@__crt_stdio_output@@V?$standard_base@DV?$string_output_adapter@D@__crt_stdio_output@@@2@@__crt_stdio_output@@AEAAX_KI_N@Z 000000018000d3ac f i libucrt:output.obj
 0001:0000c440       ??$type_case_integer_parse_into_buffer@_K@?$output_processor@_WV?$stream_output_adapter@_W@__crt_stdio_output@@V?$standard_base@_WV?$stream_output_adapter@_W@__crt_stdio_output@@@2@@__crt_stdio_output@@AEAAX_KI_N@Z 000000018000d440 f i libucrt:output.obj
 0001:0000c440       ??$type_case_integer_parse_into_buffer@_K@?$output_processor@_WV?$string_output_adapter@_W@__crt_stdio_output@@V?$standard_base@_WV?$string_output_adapter@_W@__crt_stdio_output@@@2@@__crt_stdio_output@@AEAAX_KI_N@Z 000000018000d440 f i libucrt:output.obj
 0001:0000c4e4       ??$write_multiple_characters@V?$stream_output_adapter@_W@__crt_stdio_output@@D@__crt_stdio_output@@YAXAEBV?$stream_output_adapter@_W@0@DHQEAH@Z 000000018000d4e4 f i libucrt:output.obj
 0001:0000c578       ??$write_multiple_characters@V?$string_output_adapter@D@__crt_stdio_output@@D@__crt_stdio_output@@YAXAEBV?$string_output_adapter@D@0@DHQEAH@Z 000000018000d578 f i libucrt:output.obj
 0001:0000c5f0       ??$write_multiple_characters@V?$string_output_adapter@_W@__crt_stdio_output@@D@__crt_stdio_output@@YAXAEBV?$string_output_adapter@_W@0@DHQEAH@Z 000000018000d5f0 f i libucrt:output.obj
 0001:0000c66c       ??0_LocaleUpdate@@QEAA@QEAU__crt_locale_pointers@@@Z 000000018000d66c f i libucrt:output.obj
 0001:0000c708       ??1_LocaleUpdate@@QEAA@XZ  000000018000d708 f i libucrt:output.obj
 0001:0000c850       ?crop_zeroes@__crt_stdio_output@@YAXPEADQEAU__crt_locale_pointers@@@Z 000000018000d850 f i libucrt:output.obj
 0001:0000c8bc       ?force_decimal_point@__crt_stdio_output@@YAXPEADQEAU__crt_locale_pointers@@@Z 000000018000d8bc f i libucrt:output.obj
 0001:0000c92c       ?parse_int_from_format_string@?$output_processor@DV?$string_output_adapter@D@__crt_stdio_output@@V?$standard_base@DV?$string_output_adapter@D@__crt_stdio_output@@@2@@__crt_stdio_output@@AEAA_NQEAH@Z 000000018000d92c f i libucrt:output.obj
 0001:0000c9d0       ?parse_int_from_format_string@?$output_processor@_WV?$stream_output_adapter@_W@__crt_stdio_output@@V?$standard_base@_WV?$stream_output_adapter@_W@__crt_stdio_output@@@2@@__crt_stdio_output@@AEAA_NQEAH@Z 000000018000d9d0 f i libucrt:output.obj
 0001:0000c9d0       ?parse_int_from_format_string@?$output_processor@_WV?$string_output_adapter@_W@__crt_stdio_output@@V?$standard_base@_WV?$string_output_adapter@_W@__crt_stdio_output@@@2@@__crt_stdio_output@@AEAA_NQEAH@Z 000000018000d9d0 f i libucrt:output.obj
 0001:0000ca74       ?process@?$output_processor@DV?$string_output_adapter@D@__crt_stdio_output@@V?$standard_base@DV?$string_output_adapter@D@__crt_stdio_output@@@2@@__crt_stdio_output@@QEAAHXZ 000000018000da74 f i libucrt:output.obj
 0001:0000cc78       ?process@?$output_processor@_WV?$stream_output_adapter@_W@__crt_stdio_output@@V?$standard_base@_WV?$stream_output_adapter@_W@__crt_stdio_output@@@2@@__crt_stdio_output@@QEAAHXZ 000000018000dc78 f i libucrt:output.obj
 0001:0000ced0       ?process@?$output_processor@_WV?$string_output_adapter@_W@__crt_stdio_output@@V?$standard_base@_WV?$string_output_adapter@_W@__crt_stdio_output@@@2@@__crt_stdio_output@@QEAAHXZ 000000018000ded0 f i libucrt:output.obj
 0001:0000d12c       ?state_case_normal@?$output_processor@DV?$string_output_adapter@D@__crt_stdio_output@@V?$standard_base@DV?$string_output_adapter@D@__crt_stdio_output@@@2@@__crt_stdio_output@@AEAA_NXZ 000000018000e12c f i libucrt:output.obj
 0001:0000d1a0       ?state_case_normal_tchar@?$output_processor@DV?$string_output_adapter@D@__crt_stdio_output@@V?$standard_base@DV?$string_output_adapter@D@__crt_stdio_output@@@2@@__crt_stdio_output@@AEAA_ND@Z 000000018000e1a0 f i libucrt:output.obj
 0001:0000d238       ?state_case_size@?$output_processor@DV?$string_output_adapter@D@__crt_stdio_output@@V?$standard_base@DV?$string_output_adapter@D@__crt_stdio_output@@@2@@__crt_stdio_output@@AEAA_NXZ 000000018000e238 f i libucrt:output.obj
 0001:0000d3ac       ?state_case_size@?$output_processor@_WV?$stream_output_adapter@_W@__crt_stdio_output@@V?$standard_base@_WV?$stream_output_adapter@_W@__crt_stdio_output@@@2@@__crt_stdio_output@@AEAA_NXZ 000000018000e3ac f i libucrt:output.obj
 0001:0000d544       ?state_case_size@?$output_processor@_WV?$string_output_adapter@_W@__crt_stdio_output@@V?$standard_base@_WV?$string_output_adapter@_W@__crt_stdio_output@@@2@@__crt_stdio_output@@AEAA_NXZ 000000018000e544 f i libucrt:output.obj
 0001:0000d6dc       ?state_case_type@?$output_processor@DV?$string_output_adapter@D@__crt_stdio_output@@V?$standard_base@DV?$string_output_adapter@D@__crt_stdio_output@@@2@@__crt_stdio_output@@AEAA_NXZ 000000018000e6dc f i libucrt:output.obj
 0001:0000d948       ?state_case_type@?$output_processor@_WV?$stream_output_adapter@_W@__crt_stdio_output@@V?$standard_base@_WV?$stream_output_adapter@_W@__crt_stdio_output@@@2@@__crt_stdio_output@@AEAA_NXZ 000000018000e948 f i libucrt:output.obj
 0001:0000dc34       ?state_case_type@?$output_processor@_WV?$string_output_adapter@_W@__crt_stdio_output@@V?$standard_base@_WV?$string_output_adapter@_W@__crt_stdio_output@@@2@@__crt_stdio_output@@AEAA_NXZ 000000018000ec34 f i libucrt:output.obj
 0001:0000df08       ?type_case_Z@?$output_processor@DV?$string_output_adapter@D@__crt_stdio_output@@V?$standard_base@DV?$string_output_adapter@D@__crt_stdio_output@@@2@@__crt_stdio_output@@AEAA_NXZ 000000018000ef08 f i libucrt:output.obj
 0001:0000df80       ?type_case_Z@?$output_processor@_WV?$stream_output_adapter@_W@__crt_stdio_output@@V?$standard_base@_WV?$stream_output_adapter@_W@__crt_stdio_output@@@2@@__crt_stdio_output@@AEAA_NXZ 000000018000ef80 f i libucrt:output.obj
 0001:0000df80       ?type_case_Z@?$output_processor@_WV?$string_output_adapter@_W@__crt_stdio_output@@V?$standard_base@_WV?$string_output_adapter@_W@__crt_stdio_output@@@2@@__crt_stdio_output@@AEAA_NXZ 000000018000ef80 f i libucrt:output.obj
 0001:0000dffc       ?type_case_a@?$output_processor@DV?$string_output_adapter@D@__crt_stdio_output@@V?$standard_base@DV?$string_output_adapter@D@__crt_stdio_output@@@2@@__crt_stdio_output@@AEAA_NXZ 000000018000effc f i libucrt:output.obj
 0001:0000e1b8       ?type_case_a@?$output_processor@_WV?$stream_output_adapter@_W@__crt_stdio_output@@V?$standard_base@_WV?$stream_output_adapter@_W@__crt_stdio_output@@@2@@__crt_stdio_output@@AEAA_NXZ 000000018000f1b8 f i libucrt:output.obj
 0001:0000e1b8       ?type_case_a@?$output_processor@_WV?$string_output_adapter@_W@__crt_stdio_output@@V?$standard_base@_WV?$string_output_adapter@_W@__crt_stdio_output@@@2@@__crt_stdio_output@@AEAA_NXZ 000000018000f1b8 f i libucrt:output.obj
 0001:0000e398       ?type_case_c_tchar@?$output_processor@DV?$string_output_adapter@D@__crt_stdio_output@@V?$standard_base@DV?$string_output_adapter@D@__crt_stdio_output@@@2@@__crt_stdio_output@@AEAA_ND@Z 000000018000f398 f i libucrt:output.obj
 0001:0000e45c       ?type_case_c_tchar@?$output_processor@_WV?$string_output_adapter@_W@__crt_stdio_output@@V?$standard_base@_WV?$string_output_adapter@_W@__crt_stdio_output@@@2@@__crt_stdio_output@@AEAA_N_W@Z 000000018000f45c f i libucrt:output.obj
 0001:0000e45c       ?type_case_c_tchar@?$output_processor@_WV?$stream_output_adapter@_W@__crt_stdio_output@@V?$standard_base@_WV?$stream_output_adapter@_W@__crt_stdio_output@@@2@@__crt_stdio_output@@AEAA_N_W@Z 000000018000f45c f i libucrt:output.obj
 0001:0000e504       ?type_case_integer@?$output_processor@DV?$string_output_adapter@D@__crt_stdio_output@@V?$standard_base@DV?$string_output_adapter@D@__crt_stdio_output@@@2@@__crt_stdio_output@@AEAA_NI_N@Z 000000018000f504 f i libucrt:output.obj
 0001:0000e6cc       ?type_case_integer@?$output_processor@_WV?$stream_output_adapter@_W@__crt_stdio_output@@V?$standard_base@_WV?$stream_output_adapter@_W@__crt_stdio_output@@@2@@__crt_stdio_output@@AEAA_NI_N@Z 000000018000f6cc f i libucrt:output.obj
 0001:0000e6cc       ?type_case_integer@?$output_processor@_WV?$string_output_adapter@_W@__crt_stdio_output@@V?$standard_base@_WV?$string_output_adapter@_W@__crt_stdio_output@@@2@@__crt_stdio_output@@AEAA_NI_N@Z 000000018000f6cc f i libucrt:output.obj
 0001:0000e898       ?type_case_n@?$output_processor@DV?$string_output_adapter@D@__crt_stdio_output@@V?$standard_base@DV?$string_output_adapter@D@__crt_stdio_output@@@2@@__crt_stdio_output@@AEAA_NXZ 000000018000f898 f i libucrt:output.obj
 0001:0000e898       ?type_case_n@?$output_processor@_WV?$stream_output_adapter@_W@__crt_stdio_output@@V?$standard_base@_WV?$stream_output_adapter@_W@__crt_stdio_output@@@2@@__crt_stdio_output@@AEAA_NXZ 000000018000f898 f i libucrt:output.obj
 0001:0000e898       ?type_case_n@?$output_processor@_WV?$string_output_adapter@_W@__crt_stdio_output@@V?$standard_base@_WV?$string_output_adapter@_W@__crt_stdio_output@@@2@@__crt_stdio_output@@AEAA_NXZ 000000018000f898 f i libucrt:output.obj
 0001:0000e974       ?type_case_s@?$output_processor@DV?$string_output_adapter@D@__crt_stdio_output@@V?$standard_base@DV?$string_output_adapter@D@__crt_stdio_output@@@2@@__crt_stdio_output@@AEAA_NXZ 000000018000f974 f i libucrt:output.obj
 0001:0000ea0c       ?type_case_s@?$output_processor@_WV?$string_output_adapter@_W@__crt_stdio_output@@V?$standard_base@_WV?$string_output_adapter@_W@__crt_stdio_output@@@2@@__crt_stdio_output@@AEAA_NXZ 000000018000fa0c f i libucrt:output.obj
 0001:0000ea0c       ?type_case_s@?$output_processor@_WV?$stream_output_adapter@_W@__crt_stdio_output@@V?$standard_base@_WV?$stream_output_adapter@_W@__crt_stdio_output@@@2@@__crt_stdio_output@@AEAA_NXZ 000000018000fa0c f i libucrt:output.obj
 0001:0000ead0       ?write_stored_string_tchar@?$output_processor@DV?$string_output_adapter@D@__crt_stdio_output@@V?$standard_base@DV?$string_output_adapter@D@__crt_stdio_output@@@2@@__crt_stdio_output@@AEAA_ND@Z 000000018000fad0 f i libucrt:output.obj
 0001:0000eba8       ?write_stored_string_tchar@?$output_processor@_WV?$stream_output_adapter@_W@__crt_stdio_output@@V?$standard_base@_WV?$stream_output_adapter@_W@__crt_stdio_output@@@2@@__crt_stdio_output@@AEAA_N_W@Z 000000018000fba8 f i libucrt:output.obj
 0001:0000ecb0       ?write_stored_string_tchar@?$output_processor@_WV?$string_output_adapter@_W@__crt_stdio_output@@V?$standard_base@_WV?$string_output_adapter@_W@__crt_stdio_output@@@2@@__crt_stdio_output@@AEAA_N_W@Z 000000018000fcb0 f i libucrt:output.obj
 0001:0000ed9c       ?write_string@?$string_output_adapter@D@__crt_stdio_output@@QEBAXQEBDHQEAHAEAV__crt_deferred_errno_cache@@@Z 000000018000fd9c f i libucrt:output.obj
 0001:0000ee40       ?write_string@?$string_output_adapter@_W@__crt_stdio_output@@QEBAXQEB_WHQEAHAEAV__crt_deferred_errno_cache@@@Z 000000018000fe40 f i libucrt:output.obj
 0001:0000eee8       ?write_string_impl@?$output_adapter_common@_WV?$stream_output_adapter@_W@__crt_stdio_output@@@__crt_stdio_output@@IEBAXQEB_WHQEAHAEAV__crt_deferred_errno_cache@@@Z 000000018000fee8 f i libucrt:output.obj
 0001:0000efec       __stdio_common_vfwprintf   000000018000ffec f   libucrt:output.obj
 0001:0000f078       __stdio_common_vsprintf    0000000180010078 f   libucrt:output.obj
 0001:0000f080       __stdio_common_vswprintf   0000000180010080 f   libucrt:output.obj
 0001:0000f088       free                       0000000180010088 f   libucrt:free.obj
 0001:0000f09c       malloc                     000000018001009c f   libucrt:malloc.obj
 0001:0000f0a4       __ascii_stricmp            00000001800100a4 f   libucrt:stricmp.obj
 0001:0000f0e4       _stricmp                   00000001800100e4 f   libucrt:stricmp.obj
 0001:0000f12c       _stricmp_l                 000000018001012c f   libucrt:stricmp.obj
 0001:0000f1e0       abort                      00000001800101e0 f   libucrt:abort.obj
 0001:0000f238       __acrt_initialize_new_handler 0000000180010238 f   libucrt:new_handler.obj
 0001:0000f240       _callnewh                  0000000180010240 f   libucrt:new_handler.obj
 0001:0000f270       _query_new_handler         0000000180010270 f   libucrt:new_handler.obj
 0001:0000f2a4       _seh_filter_dll            00000001800102a4 f   libucrt:exception_filter.obj
 0001:0000f2b8       _seh_filter_exe            00000001800102b8 f   libucrt:exception_filter.obj
 0001:0000f6b0       __acrt_initialize_thread_local_exit_callback 00000001800106b0 f   libucrt:exit.obj
 0001:0000f6b8       _cexit                     00000001800106b8 f   libucrt:exit.obj
 0001:0000f6c8       _exit                      00000001800106c8 f   libucrt:exit.obj
 0001:0000f6d4       _is_c_termination_complete 00000001800106d4 f   libucrt:exit.obj
 0001:0000f8a0       __acrt_allocate_buffer_for_argv 00000001800108a0 f   libucrt:argv_parsing.obj
 0001:0000f900       _configure_narrow_argv     0000000180010900 f   libucrt:argv_parsing.obj
 0001:0000fc78       __dcrt_uninitialize_environments_nolock 0000000180010c78 f   libucrt:environment_initialization.obj
 0001:0000fcb0       _initialize_narrow_environment 0000000180010cb0 f   libucrt:environment_initialization.obj
 0001:00010040       _crt_atexit                0000000180011040 f   libucrt:onexit.obj
 0001:00010050       _execute_onexit_table      0000000180011050 f   libucrt:onexit.obj
 0001:0001008c       _initialize_onexit_table   000000018001108c f   libucrt:onexit.obj
 0001:000100cc       _register_onexit_function  00000001800110cc f   libucrt:onexit.obj
 0001:0001014c       __acrt_uninitialize_command_line 000000018001114c f   libucrt:argv_data.obj
 0001:00010258       __acrt_initialize          0000000180011258 f   libucrt:initialization.obj
 0001:0001026c       __acrt_thread_attach       000000018001126c f   libucrt:initialization.obj
 0001:00010280       __acrt_thread_detach       0000000180011280 f   libucrt:initialization.obj
 0001:00010290       __acrt_uninitialize        0000000180011290 f   libucrt:initialization.obj
 0001:000102c8       __acrt_uninitialize_critical 00000001800112c8 f   libucrt:initialization.obj
 0001:000102d8       _initterm                  00000001800112d8 f   libucrt:initterm.obj
 0001:0001033c       _initterm_e                000000018001133c f   libucrt:initterm.obj
 0001:0001037c       terminate                  000000018001137c f   libucrt:terminate.obj
 0001:0001039c       strcpy_s                   000000018001139c f   libucrt:strcpy_s.obj
 0001:0001040c       calloc                     000000018001140c f   libucrt:calloc.obj
 0001:00010414       wcsncmp                    0000000180011414 f   libucrt:wcsncmp.obj
 0001:00010440       ??$parse_integer@KV?$c_string_character_source@D@__crt_strtox@@@__crt_strtox@@YAKQEAU__crt_locale_pointers@@V?$c_string_character_source@D@0@H_N@Z 0000000180011440 f i libucrt:atox.obj
 0001:0001077c       ??$parse_integer@KV?$c_string_character_source@_W@__crt_strtox@@@__crt_strtox@@YAKQEAU__crt_locale_pointers@@V?$c_string_character_source@_W@0@H_N@Z 000000018001177c f i libucrt:atox.obj
 0001:00010e40       strncmp                    0000000180011e40 f   libucrt:strncmp.obj
 0001:00011238       __acrt_freeptd             0000000180012238 f   libucrt:per_thread_data.obj
 0001:0001127c       __acrt_getptd              000000018001227c f   libucrt:per_thread_data.obj
 0001:00011340       __acrt_getptd_head         0000000180012340 f   libucrt:per_thread_data.obj
 0001:000113e8       __acrt_getptd_noexit       00000001800123e8 f   libucrt:per_thread_data.obj
 0001:000114a0       __acrt_initialize_ptd      00000001800124a0 f   libucrt:per_thread_data.obj
 0001:000114dc       __acrt_uninitialize_ptd    00000001800124dc f   libucrt:per_thread_data.obj
 0001:00011500       _query_app_type            0000000180012500 f   libucrt:report_runtime_error.obj
 0001:00011638       _itow_s                    0000000180012638 f   libucrt:xtoa.obj
 0001:00011658       _set_error_mode            0000000180012658 f   libucrt:set_error_mode.obj
 0001:00011698       wcscat_s                   0000000180012698 f   libucrt:wcscat_s.obj
 0001:00011724       wcscpy_s                   0000000180012724 f   libucrt:wcscpy_s.obj
 0001:0001179c       wcsncat_s                  000000018001279c f   libucrt:wcsncat_s.obj
 0001:000118b0       __acrt_GetModuleFileNameA  00000001800128b0 f   libucrt:getmodulefilenamea.obj
 0001:0001192c       __acrt_show_wide_message_box 000000018001292c f   libucrt:crtmbox.obj
 0001:000119d0       __acrt_initialize_stdio    00000001800129d0 f   libucrt:_file.obj
 0001:00011af0       __acrt_iob_func            0000000180012af0 f   libucrt:_file.obj
 0001:00011b04       __acrt_uninitialize_stdio  0000000180012b04 f   libucrt:_file.obj
 0001:00011b60       _lock_file                 0000000180012b60 f   libucrt:_file.obj
 0001:00011b6c       _unlock_file               0000000180012b6c f   libucrt:_file.obj
 0001:00011d94       __acrt_stdio_flush_nolock  0000000180012d94 f   libucrt:fflush.obj
 0001:00011e10       _fflush_nolock             0000000180012e10 f   libucrt:fflush.obj
 0001:00011e5c       _flushall                  0000000180012e5c f   libucrt:fflush.obj
 0001:00011e64       fflush                     0000000180012e64 f   libucrt:fflush.obj
 0001:00011ffc       setvbuf                    0000000180012ffc f   libucrt:setvbuf.obj
 0001:000120e0       __acrt_get_sigabrt_handler 00000001800130e0 f   libucrt:signal.obj
 0001:00012110       __acrt_initialize_signal_handlers 0000000180013110 f   libucrt:signal.obj
 0001:00012130       raise                      0000000180013130 f   libucrt:signal.obj
 0001:000123b0       isdigit                    00000001800133b0 f i libucrt:_ctype.obj
 0001:00012478       _tolower_l                 0000000180013478 f   libucrt:tolower_toupper.obj
 0001:000125b8       tolower                    00000001800135b8 f   libucrt:tolower_toupper.obj
 0001:000125e4       _free_base                 00000001800135e4 f   libucrt:free_base.obj
 0001:00012624       _malloc_base               0000000180013624 f   libucrt:malloc_base.obj
 0001:00012684       strtol                     0000000180013684 f   libucrt:strtox.obj
 0001:000126b0       wcstol                     00000001800136b0 f   libucrt:strtox.obj
 0001:000126dc       _mbtowc_l                  00000001800136dc f   libucrt:mbtowc.obj
 0001:00012858       mbtowc                     0000000180013858 f   libucrt:mbtowc.obj
 0001:00012860       _wctomb_s_l                0000000180013860 f   libucrt:wctomb.obj
 0001:000129e4       wctomb_s                   00000001800139e4 f   libucrt:wctomb.obj
 0001:000129f8       strnlen                    00000001800139f8 f   libucrt:strnlen.obj
 0001:00012b48       wcsnlen                    0000000180013b48 f   libucrt:strnlen.obj
 0001:00012d20       __acrt_update_locale_info  0000000180013d20 f   libucrt:locale_update.obj
 0001:00012d54       __acrt_update_multibyte_info 0000000180013d54 f   libucrt:locale_update.obj
 0001:00013758       __acrt_fp_format           0000000180014758 f   libucrt:cvt.obj
 0001:000139e0       _fputwc_nolock             00000001800149e0 f   libucrt:fputwc.obj
 0001:00013b58       _fileno                    0000000180014b58 f   libucrt:fileno.obj
 0001:00013b80       _fputc_nolock              0000000180014b80 f   libucrt:fputc.obj
 0001:00013b98       _get_printf_count_output   0000000180014b98 f   libucrt:printf_count_output.obj
 0001:00013bb0       __acrt_stdio_begin_temporary_buffering_nolock 0000000180014bb0 f   libucrt:_sftbuf.obj
 0001:00013c80       __acrt_stdio_end_temporary_buffering_nolock 0000000180014c80 f   libucrt:_sftbuf.obj
 0001:00013d2c       __acrt_set_locale_changed  0000000180014d2c f   libucrt:wsetlocale.obj
 0001:00013d38       __acrt_uninitialize_locale 0000000180014d38 f   libucrt:wsetlocale.obj
 0001:00013f50       __acrt_initialize_lowio    0000000180014f50 f   libucrt:ioinit.obj
 0001:00013f8c       __acrt_uninitialize_lowio  0000000180014f8c f   libucrt:ioinit.obj
 0001:00013fcc       __acrt_initialize_locks    0000000180014fcc f   libucrt:locks.obj
 0001:00014014       __acrt_lock                0000000180015014 f   libucrt:locks.obj
 0001:00014030       __acrt_uninitialize_locks  0000000180015030 f   libucrt:locks.obj
 0001:00014068       __acrt_unlock              0000000180015068 f   libucrt:locks.obj
 0001:00014084       __acrt_get_developer_information_policy 0000000180015084 f   libucrt:win_policies.obj
 0001:000140d8       __acrt_get_process_end_policy 00000001800150d8 f   libucrt:win_policies.obj
 0001:00014114       __acrt_get_windowing_model_policy 0000000180015114 f   libucrt:win_policies.obj
 0001:00014180       _calloc_base               0000000180015180 f   libucrt:calloc_base.obj
 0001:00014760       __acrt_expand_narrow_argv_wildcards 0000000180015760 f   libucrt:argv_wildcards.obj
 0001:00014e94       __acrt_initialize_multibyte 0000000180015e94 f   libucrt:mbctype.obj
 0001:00014ef4       __acrt_update_thread_multibyte_data 0000000180015ef4 f   libucrt:mbctype.obj
 0001:00014f10       _setmbcp_nolock            0000000180015f10 f   libucrt:mbctype.obj
 0001:00015240       _ismbblead                 0000000180016240 f   libucrt:ismbbyte.obj
 0001:00015254       __acrt_initialize_command_line 0000000180016254 f   libucrt:argv_data.obj
 0001:0001527c       __acrt_MultiByteToWideChar 000000018001627c f   libucrt:multibytetowidechar.obj
 0001:000152d8       __acrt_WideCharToMultiByte 00000001800162d8 f   libucrt:widechartomultibyte.obj
 0001:00015370       __dcrt_get_narrow_environment_from_os 0000000180016370 f   libucrt:get_environment_from_os.obj
 0001:00015474       _recalloc                  0000000180016474 f   libucrt:recalloc.obj
 0001:0001547c       _recalloc_base             000000018001647c f   libucrt:recalloc.obj
 0001:000156ec       __acrt_AppPolicyGetProcessTerminationMethodInternal 00000001800166ec f   libucrt:winapi_thunks.obj
 0001:0001573c       __acrt_AppPolicyGetShowDeveloperDiagnosticInternal 000000018001673c f   libucrt:winapi_thunks.obj
 0001:0001578c       __acrt_AppPolicyGetWindowingModelInternal 000000018001678c f   libucrt:winapi_thunks.obj
 0001:000157dc       __acrt_FlsAlloc            00000001800167dc f   libucrt:winapi_thunks.obj
 0001:00015824       __acrt_FlsFree             0000000180016824 f   libucrt:winapi_thunks.obj
 0001:0001586c       __acrt_FlsGetValue         000000018001686c f   libucrt:winapi_thunks.obj
 0001:000158b4       __acrt_FlsSetValue         00000001800168b4 f   libucrt:winapi_thunks.obj
 0001:00015908       __acrt_InitializeCriticalSectionEx 0000000180016908 f   libucrt:winapi_thunks.obj
 0001:0001596c       __acrt_LCMapStringEx       000000018001696c f   libucrt:winapi_thunks.obj
 0001:00015a48       __acrt_LocaleNameToLCID    0000000180016a48 f   libucrt:winapi_thunks.obj
 0001:00015a98       __acrt_MessageBoxW         0000000180016a98 f   libucrt:winapi_thunks.obj
 0001:00015b0c       __acrt_can_show_message_box 0000000180016b0c f   libucrt:winapi_thunks.obj
 0001:00015b7c       __acrt_get_parent_window   0000000180016b7c f   libucrt:winapi_thunks.obj
 0001:00015bf8       __acrt_initialize_winapi_thunks 0000000180016bf8 f   libucrt:winapi_thunks.obj
 0001:00015c40       __acrt_is_interactive      0000000180016c40 f   libucrt:winapi_thunks.obj
 0001:00015d08       __acrt_uninitialize_winapi_thunks 0000000180016d08 f   libucrt:winapi_thunks.obj
 0001:00015d4c       __acrt_initialize_heap     0000000180016d4c f   libucrt:heap_handle.obj
 0001:00015d68       __acrt_uninitialize_heap   0000000180016d68 f   libucrt:heap_handle.obj
 0001:00015d74       __acrt_execute_initializers 0000000180016d74 f   libucrt:shared_initialization.obj
 0001:00015df4       __acrt_execute_uninitializers 0000000180016df4 f   libucrt:shared_initialization.obj
 0001:00015e30       __acrt_has_user_matherr    0000000180016e30 f   libucrt:matherr.obj
 0001:00015e50       __acrt_initialize_user_matherr 0000000180016e50 f   libucrt:matherr.obj
 0001:00015e58       __acrt_invoke_user_matherr 0000000180016e58 f   libucrt:matherr.obj
 0001:00015e88       __pctype_func              0000000180016e88 f   libucrt:ctype.obj
 0001:00015eb8       iswctype                   0000000180016eb8 f   libucrt:iswctype.obj
 0001:00015f28       _isctype_l                 0000000180016f28 f   libucrt:isctype.obj
 0001:0001603c       __acrt_add_locale_ref      000000018001703c f   libucrt:locale_refcounting.obj
 0001:000160c8       __acrt_free_locale         00000001800170c8 f   libucrt:locale_refcounting.obj
 0001:00016240       __acrt_locale_add_lc_time_reference 0000000180017240 f   libucrt:locale_refcounting.obj
 0001:00016268       __acrt_locale_free_lc_time_if_unreferenced 0000000180017268 f   libucrt:locale_refcounting.obj
 0001:000162a0       __acrt_locale_release_lc_time_reference 00000001800172a0 f   libucrt:locale_refcounting.obj
 0001:000162c8       __acrt_release_locale_ref  00000001800172c8 f   libucrt:locale_refcounting.obj
 0001:00016370       __acrt_update_thread_locale_data 0000000180017370 f   libucrt:locale_refcounting.obj
 0001:000163e0       _updatetlocinfoEx_nolock   00000001800173e0 f   libucrt:locale_refcounting.obj
 0001:0001664c       _mbstowcs_l                000000018001764c f   libucrt:mbstowcs.obj
 0001:00016654       mbstowcs                   0000000180017654 f   libucrt:mbstowcs.obj
 0001:00016670       _fcloseall                 0000000180017670 f   libucrt:closeall.obj
 0001:00016724       __acrt_stdio_free_buffer_nolock 0000000180017724 f   libucrt:_freebuf.obj
 0001:000167f0       _commit                    00000001800177f0 f   libucrt:commit.obj
 0001:00016e2c       _write                     0000000180017e2c f   libucrt:write.obj
 0001:00016f18       _write_nolock              0000000180017f18 f   libucrt:write.obj
 0001:000171f8       _isleadbyte_l              00000001800181f8 f i libucrt:_wctype.obj
 0001:00017550       __acrt_LCMapStringA        0000000180018550 f   libucrt:lcmapstringa.obj
 0001:000175e8       _query_new_mode            00000001800185e8 f   libucrt:new_mode.obj
 0001:000175f0       ?__mbrtowc_utf8@__crt_mbstring@@YA_KPEA_WPEBD_KPEAU_Mbstatet@@@Z 00000001800185f0 f   libucrt:mbrtowc.obj
 0001:0001762c       ?__mbsrtowcs_utf8@__crt_mbstring@@YA_KPEA_WPEAPEBD_KPEAU_Mbstatet@@@Z 000000018001862c f   libucrt:mbrtowc.obj
 0001:000177a4       __acrt_fp_strflt_to_string 00000001800187a4 f   libucrt:_fptostr.obj
 0001:00017890       ?divide@__crt_strtox@@YA_KAEAUbig_integer@1@AEBU21@@Z 0000000180018890 f i libucrt:cfout.obj
 0001:00017d20       __acrt_fltout              0000000180018d20 f   libucrt:cfout.obj
 0001:00019244       __acrt_stdio_flush_and_write_narrow_nolock 000000018001a244 f   libucrt:_flsbuf.obj
 0001:0001932c       __acrt_stdio_flush_and_write_wide_nolock 000000018001a32c f   libucrt:_flsbuf.obj
 0001:00019418       _isatty                    000000018001a418 f   libucrt:isatty.obj
 0001:00019478       __acrt_locale_free_monetary 000000018001a478 f   libucrt:initmon.obj
 0001:00019584       __acrt_locale_free_numeric 000000018001a584 f   libucrt:initnum.obj
 0001:00019644       __acrt_locale_free_time    000000018001a644 f   libucrt:inittime.obj
 0001:0001974c       __acrt_GetStringTypeA      000000018001a74c f   libucrt:getstringtypea.obj
 0001:000198dc       __acrt_lowio_create_handle_array 000000018001a8dc f   libucrt:osfinfo.obj
 0001:00019974       __acrt_lowio_destroy_handle_array 000000018001a974 f   libucrt:osfinfo.obj
 0001:000199c4       __acrt_lowio_ensure_fh_exists 000000018001a9c4 f   libucrt:osfinfo.obj
 0001:00019a6c       __acrt_lowio_lock_fh       000000018001aa6c f   libucrt:osfinfo.obj
 0001:00019a90       __acrt_lowio_unlock_fh     000000018001aa90 f   libucrt:osfinfo.obj
 0001:00019ab4       _free_osfhnd               000000018001aab4 f   libucrt:osfinfo.obj
 0001:00019b70       _get_osfhandle             000000018001ab70 f   libucrt:osfinfo.obj
 0001:00019bf0       qsort                      000000018001abf0 f   libucrt:qsort.obj
 0001:00019fa0       strncpy_s                  000000018001afa0 f   libucrt:strncpy_s.obj
 0001:0001a130       strpbrk                    000000018001b130 f   libucrt:strpbrk.obj
 0001:0001a510       ??$__acrt_convert_wcs_mbs@D_W$$A6A_KPEA_WPEBD_KPEAU__crt_locale_pointers@@@ZU__crt_win32_buffer_internal_dynamic_resizing@@@@YAHQEBDAEAV?$__crt_win32_buffer@_WU__crt_win32_buffer_internal_dynamic_resizing@@@@A6A_KPEA_WPEBD_KPEAU__crt_locale_pointers@@@Z5@Z 000000018001b510 f i libucrt:findfirstfileexa.obj
 0001:0001a618       __acrt_FindFirstFileExA    000000018001b618 f   libucrt:findfirstfileexa.obj
 0001:0001a6bc       ??$__acrt_convert_wcs_mbs@_WD$$A6A_KPEADPEB_W_KPEAU__crt_locale_pointers@@@ZU__crt_win32_buffer_no_resizing@@@@YAHQEB_WAEAV?$__crt_win32_buffer@DU__crt_win32_buffer_no_resizing@@@@A6A_KPEADPEB_W_KPEAU__crt_locale_pointers@@@Z5@Z 000000018001b6bc f i libucrt:findnextfilea.obj
 0001:0001a788       __acrt_FindNextFileA       000000018001b788 f   libucrt:findnextfilea.obj
 0001:0001a8bc       _mbsdec                    000000018001b8bc f   libucrt:mbsdec.obj
 0001:0001a8c4       _mbsdec_l                  000000018001b8c4 f   libucrt:mbsdec.obj
 0001:0001a970       _msize                     000000018001b970 f   libucrt:msize.obj
 0001:0001a978       _msize_base                000000018001b978 f   libucrt:msize.obj
 0001:0001a9b4       _realloc_base              000000018001b9b4 f   libucrt:realloc_base.obj
 0001:0001ab18       __acrt_DownlevelLocaleNameToLCID 000000018001bb18 f   libucrt:lcidtoname_downlevel.obj
 0001:0001ab4c       __acrt_GetStringTypeW      000000018001bb4c f   libucrt:getstringtypew.obj
 0001:0001ab54       _fclose_nolock             000000018001bb54 f   libucrt:fclose.obj
 0001:0001abd8       fclose                     000000018001bbd8 f   libucrt:fclose.obj
 0001:0001adc8       _lseeki64                  000000018001bdc8 f   libucrt:lseek.obj
 0001:0001add0       _lseeki64_nolock           000000018001bdd0 f   libucrt:lseek.obj
 0001:0001add8       _putwch_nolock             000000018001bdd8 f   libucrt:putwch.obj
 0001:0001ae14       __strncnt                  000000018001be14 f   libucrt:strncnt.obj
 0001:0001ae2c       ?__mbrtoc32_utf8@__crt_mbstring@@YA_KPEA_UPEBD_KPEAU_Mbstatet@@@Z 000000018001be2c f   libucrt:mbrtoc32.obj
 0001:0001b008       fegetenv                   000000018001c008 f   libucrt:fegetenv.obj
 0001:0001b028       fesetenv                   000000018001c028 f   libucrt:fesetenv.obj
 0001:0001b078       feholdexcept               000000018001c078 f   libucrt:feholdexcept.obj
 0001:0001b0c8       ceil                       000000018001c0c8 f   libucrt:ceil.obj
 0001:0001b190       log10                      000000018001c190 f   libucrt:log10.obj
 0001:0001b73c       __acrt_stdio_allocate_buffer_nolock 000000018001c73c f   libucrt:_getbuf.obj
 0001:0001bb0c       _wcstombs_l                000000018001cb0c f   libucrt:wcstombs.obj
 0001:0001bb88       _close                     000000018001cb88 f   libucrt:close.obj
 0001:0001bc2c       _close_nolock              000000018001cc2c f   libucrt:close.obj
 0001:0001bce8       ?__acrt_stdio_free_stream@@YAXV__crt_stdio_stream@@@Z 000000018001cce8 f   libucrt:stream.obj
 0001:0001bd04       __dcrt_lowio_ensure_console_output_initialized 000000018001cd04 f   libucrt:initcon.obj
 0001:0001bd58       __dcrt_terminate_console_output 000000018001cd58 f   libucrt:initcon.obj
 0001:0001bd74       __dcrt_write_console       000000018001cd74 f   libucrt:initcon.obj
 0001:0001be34       __acrt_fenv_get_control    000000018001ce34 f   libucrt:_fenvutils.obj
 0001:0001bf34       __acrt_fenv_get_status     000000018001cf34 f   libucrt:_fenvutils.obj
 0001:0001bf8c       __acrt_fenv_set_control    000000018001cf8c f   libucrt:_fenvutils.obj
 0001:0001c0d4       __acrt_fenv_set_status     000000018001d0d4 f   libucrt:_fenvutils.obj
 0001:0001c158       _clearfp                   000000018001d158 f   libucrt:ieee.obj
 0001:0001c2ec       _handle_error              000000018001d2ec f   libucrt:libm_error.obj
 0001:0001c414       _handle_nan                000000018001d414 f   libucrt:libm_error.obj
 0001:0001c430       __acrt_initialize_fma3     000000018001d430 f   libucrt:fma3_available.obj
 0001:0001c4a0       _log10_special             000000018001d4a0 f   libucrt:log_special.obj
 0001:0001c558       ?__wcsrtombs_utf8@__crt_mbstring@@YA_KPEADPEAPEB_W_KPEAU_Mbstatet@@@Z 000000018001d558 f   libucrt:wcrtomb.obj
 0001:0001c690       _get_fpsr                  000000018001d690 f   libucrt:fpsr.obj
 0001:0001c6a0       _set_fpsr                  000000018001d6a0 f   libucrt:fpsr.obj
 0001:0001c6aa       _fclrf                     000000018001d6aa f   libucrt:fpsr.obj
 0001:0001c6be       _frnd                      000000018001d6be f   libucrt:fpsr.obj
 0001:0001c6e0       _raise_exc                 000000018001d6e0 f   libucrt:fpexcept.obj
 0001:0001c708       _raise_exc_ex              000000018001d708 f   libucrt:fpexcept.obj
 0001:0001ca18       _set_errno_from_matherr    000000018001da18 f   libucrt:fpexcept.obj
 0001:0001ca48       _clrfp                     000000018001da48 f   libucrt:fpctrl.obj
 0001:0001ca68       _ctrlfp                    000000018001da68 f   libucrt:fpctrl.obj
 0001:0001cae4       _set_statfp                000000018001dae4 f   libucrt:fpctrl.obj
 0001:0001cb04       _statfp                    000000018001db04 f   libucrt:fpctrl.obj
 0001:0001cb18       ?__c16rtomb_utf8@__crt_mbstring@@YA_KPEAD_SPEAU_Mbstatet@@@Z 000000018001db18 f   libucrt:c16rtomb.obj
 0001:0001cbc0       ?__c32rtomb_utf8@__crt_mbstring@@YA_KPEAD_UPEAU_Mbstatet@@@Z 000000018001dbc0 f   libucrt:c32rtomb.obj
 0001:0001cc78       c32rtomb                   000000018001dc78 f   libucrt:c32rtomb.obj
 0001:0001cc7d       IsProcessorFeaturePresent  000000018001dc7d f   kernel32:KERNEL32.dll
 0001:0001cc83       RtlUnwindEx                000000018001dc83 f   kernel32:KERNEL32.dll
 0001:0001cc8c       ?DloadAcquireSectionWriteAccess@@YAXXZ 000000018001dc8c f i DelayImp:delayhlp.obj
 0001:0001cd38       ?DloadGetSRWLockFunctionPointers@@YAEXZ 000000018001dd38 f i DelayImp:delayhlp.obj
 0001:0001cdd4       ?DloadMakePermanentImageCommit@@YAXPEAX_K@Z 000000018001ddd4 f i DelayImp:delayhlp.obj
 0001:0001ce6c       ?DloadObtainSection@@YAPEAXPEAK0@Z 000000018001de6c f i DelayImp:delayhlp.obj
 0001:0001cf08       ?DloadProtectSection@@YAXKPEAK@Z 000000018001df08 f i DelayImp:delayhlp.obj
 0001:0001cf98       ?DloadReleaseSectionWriteAccess@@YAXXZ 000000018001df98 f i DelayImp:delayhlp.obj
 0001:0001d02c       __delayLoadHelper2         000000018001e02c f   DelayImp:delayhlp.obj
 0001:0001d2f0       _FindPESection             000000018001e2f0 f   LIBCMT:pesect.obj
 0001:0001d340       _IsNonwritableInCurrentImage 000000018001e340 f   LIBCMT:pesect.obj
 0001:0001d390       _ValidateImageBase         000000018001e390 f   LIBCMT:pesect.obj
 0001:0001d3c0       __GSHandlerCheck           000000018001e3c0 f   LIBCMT:_gshandler_.obj
 0001:0001d3e0       __GSHandlerCheckCommon     000000018001e3e0 f   LIBCMT:_gshandler_.obj
 0001:0001d43c       __GSHandlerCheck_EH        000000018001e43c f   LIBCMT:gshandlereh.obj
 0001:0001d4bc       strrchr                    000000018001e4bc f   libvcruntime:strrchr.obj
 0001:0001d620       memcmp                     000000018001e620 f   libvcruntime:memcmp.obj
 0001:0001d700       _guard_dispatch_icall_nop  000000018001e700 f   LIBCMT:_guard_dispatch_.obj
 0002:00000000       __imp_GetCurrentThreadId   000000018001f000     kernel32:KERNEL32.dll
 0002:00000008       __imp_SetLastError         000000018001f008     kernel32:KERNEL32.dll
 0002:00000010       __imp_SetErrorMode         000000018001f010     kernel32:KERNEL32.dll
 0002:00000018       __imp_GetModuleHandleA     000000018001f018     kernel32:KERNEL32.dll
 0002:00000020       __imp_MultiByteToWideChar  000000018001f020     kernel32:KERNEL32.dll
 0002:00000028       __imp_GetLastError         000000018001f028     kernel32:KERNEL32.dll
 0002:00000030       __imp_LoadLibraryW         000000018001f030     kernel32:KERNEL32.dll
 0002:00000038       __imp_GetErrorMode         000000018001f038     kernel32:KERNEL32.dll
 0002:00000040       __imp_GetProcAddress       000000018001f040     kernel32:KERNEL32.dll
 0002:00000048       __imp_FreeLibrary          000000018001f048     kernel32:KERNEL32.dll
 0002:00000050       __imp_VirtualProtect       000000018001f050     kernel32:KERNEL32.dll
 0002:00000058       __imp_VirtualFree          000000018001f058     kernel32:KERNEL32.dll
 0002:00000060       __imp_VirtualAlloc         000000018001f060     kernel32:KERNEL32.dll
 0002:00000068       __imp_Sleep                000000018001f068     kernel32:KERNEL32.dll
 0002:00000070       __imp_GetSystemInfo        000000018001f070     kernel32:KERNEL32.dll
 0002:00000078       __imp_VirtualQuery         000000018001f078     kernel32:KERNEL32.dll
 0002:00000080       __imp_RtlCaptureContext    000000018001f080     kernel32:KERNEL32.dll
 0002:00000088       __imp_RtlLookupFunctionEntry 000000018001f088     kernel32:KERNEL32.dll
 0002:00000090       __imp_RtlVirtualUnwind     000000018001f090     kernel32:KERNEL32.dll
 0002:00000098       __imp_UnhandledExceptionFilter 000000018001f098     kernel32:KERNEL32.dll
 0002:000000a0       __imp_SetUnhandledExceptionFilter 000000018001f0a0     kernel32:KERNEL32.dll
 0002:000000a8       __imp_GetCurrentProcess    000000018001f0a8     kernel32:KERNEL32.dll
 0002:000000b0       __imp_TerminateProcess     000000018001f0b0     kernel32:KERNEL32.dll
 0002:000000b8       __imp_IsProcessorFeaturePresent 000000018001f0b8     kernel32:KERNEL32.dll
 0002:000000c0       __imp_IsDebuggerPresent    000000018001f0c0     kernel32:KERNEL32.dll
 0002:000000c8       __imp_GetStartupInfoW      000000018001f0c8     kernel32:KERNEL32.dll
 0002:000000d0       __imp_GetModuleHandleW     000000018001f0d0     kernel32:KERNEL32.dll
 0002:000000d8       __imp_QueryPerformanceCounter 000000018001f0d8     kernel32:KERNEL32.dll
 0002:000000e0       __imp_GetCurrentProcessId  000000018001f0e0     kernel32:KERNEL32.dll
 0002:000000e8       __imp_GetSystemTimeAsFileTime 000000018001f0e8     kernel32:KERNEL32.dll
 0002:000000f0       __imp_InitializeSListHead  000000018001f0f0     kernel32:KERNEL32.dll
 0002:000000f8       __imp_RtlPcToFileHeader    000000018001f0f8     kernel32:KERNEL32.dll
 0002:00000100       __imp_RaiseException       000000018001f100     kernel32:KERNEL32.dll
 0002:00000108       __imp_RtlUnwindEx          000000018001f108     kernel32:KERNEL32.dll
 0002:00000110       __imp_InterlockedFlushSList 000000018001f110     kernel32:KERNEL32.dll
 0002:00000118       __imp_EnterCriticalSection 000000018001f118     kernel32:KERNEL32.dll
 0002:00000120       __imp_LeaveCriticalSection 000000018001f120     kernel32:KERNEL32.dll
 0002:00000128       __imp_DeleteCriticalSection 000000018001f128     kernel32:KERNEL32.dll
 0002:00000130       __imp_InitializeCriticalSectionAndSpinCount 000000018001f130     kernel32:KERNEL32.dll
 0002:00000138       __imp_TlsAlloc             000000018001f138     kernel32:KERNEL32.dll
 0002:00000140       __imp_TlsGetValue          000000018001f140     kernel32:KERNEL32.dll
 0002:00000148       __imp_TlsSetValue          000000018001f148     kernel32:KERNEL32.dll
 0002:00000150       __imp_TlsFree              000000018001f150     kernel32:KERNEL32.dll
 0002:00000158       __imp_LoadLibraryExW       000000018001f158     kernel32:KERNEL32.dll
 0002:00000160       __imp_EncodePointer        000000018001f160     kernel32:KERNEL32.dll
 0002:00000168       __imp_GetStdHandle         000000018001f168     kernel32:KERNEL32.dll
 0002:00000170       __imp_GetFileType          000000018001f170     kernel32:KERNEL32.dll
 0002:00000178       __imp_GetModuleFileNameW   000000018001f178     kernel32:KERNEL32.dll
 0002:00000180       __imp_GetModuleHandleExW   000000018001f180     kernel32:KERNEL32.dll
 0002:00000188       __imp_WriteConsoleW        000000018001f188     kernel32:KERNEL32.dll
 0002:00000190       __imp_ExitProcess          000000018001f190     kernel32:KERNEL32.dll
 0002:00000198       __imp_WriteFile            000000018001f198     kernel32:KERNEL32.dll
 0002:000001a0       __imp_OutputDebugStringW   000000018001f1a0     kernel32:KERNEL32.dll
 0002:000001a8       __imp_HeapFree             000000018001f1a8     kernel32:KERNEL32.dll
 0002:000001b0       __imp_HeapAlloc            000000018001f1b0     kernel32:KERNEL32.dll
 0002:000001b8       __imp_FindClose            000000018001f1b8     kernel32:KERNEL32.dll
 0002:000001c0       __imp_FindFirstFileExW     000000018001f1c0     kernel32:KERNEL32.dll
 0002:000001c8       __imp_FindNextFileW        000000018001f1c8     kernel32:KERNEL32.dll
 0002:000001d0       __imp_IsValidCodePage      000000018001f1d0     kernel32:KERNEL32.dll
 0002:000001d8       __imp_GetACP               000000018001f1d8     kernel32:KERNEL32.dll
 0002:000001e0       __imp_GetOEMCP             000000018001f1e0     kernel32:KERNEL32.dll
 0002:000001e8       __imp_GetCPInfo            000000018001f1e8     kernel32:KERNEL32.dll
 0002:000001f0       __imp_GetCommandLineA      000000018001f1f0     kernel32:KERNEL32.dll
 0002:000001f8       __imp_GetCommandLineW      000000018001f1f8     kernel32:KERNEL32.dll
 0002:00000200       __imp_WideCharToMultiByte  000000018001f200     kernel32:KERNEL32.dll
 0002:00000208       __imp_GetEnvironmentStringsW 000000018001f208     kernel32:KERNEL32.dll
 0002:00000210       __imp_FreeEnvironmentStringsW 000000018001f210     kernel32:KERNEL32.dll
 0002:00000218       __imp_LCMapStringW         000000018001f218     kernel32:KERNEL32.dll
 0002:00000220       __imp_GetProcessHeap       000000018001f220     kernel32:KERNEL32.dll
 0002:00000228       __imp_FlushFileBuffers     000000018001f228     kernel32:KERNEL32.dll
 0002:00000230       __imp_GetConsoleCP         000000018001f230     kernel32:KERNEL32.dll
 0002:00000238       __imp_GetConsoleMode       000000018001f238     kernel32:KERNEL32.dll
 0002:00000240       __imp_GetStringTypeW       000000018001f240     kernel32:KERNEL32.dll
 0002:00000248       __imp_SetStdHandle         000000018001f248     kernel32:KERNEL32.dll
 0002:00000250       __imp_HeapSize             000000018001f250     kernel32:KERNEL32.dll
 0002:00000258       __imp_HeapReAlloc          000000018001f258     kernel32:KERNEL32.dll
 0002:00000260       __imp_SetFilePointerEx     000000018001f260     kernel32:KERNEL32.dll
 0002:00000268       __imp_CloseHandle          000000018001f268     kernel32:KERNEL32.dll
 0002:00000270       __imp_CreateFileW          000000018001f270     kernel32:KERNEL32.dll
 0002:00000278       __imp_LoadLibraryExA       000000018001f278     kernel32:KERNEL32.dll
 0002:00000280       \177KERNEL32_NULL_THUNK_DATA 000000018001f280     kernel32:KERNEL32.dll
 0002:00000288       __guard_check_icall_fptr   000000018001f288     LIBCMT:guard_support.obj
 0002:00000290       __guard_dispatch_icall_fptr 000000018001f290     LIBCMT:guard_support.obj
 0002:00000298       __xc_a                     000000018001f298     LIBCMT:initializers.obj
 0002:000002a8       _register_ffi_bindings_    000000018001f2a8     ffi.obj
 0002:000002b0       __xc_z                     000000018001f2b0     LIBCMT:initializers.obj
 0002:000002b8       __xi_a                     000000018001f2b8     LIBCMT:initializers.obj
 0002:000002c0       __acrt_stdio_initializer   000000018001f2c0     libucrt:stdio_initializer.obj
 0002:000002c8       __acrt_multibyte_initializer 000000018001f2c8     libucrt:multibyte_initializer.obj
 0002:000002d0       __acrt_tran_fma3_initializer 000000018001f2d0     libucrt:fma3_initializer.obj
 0002:000002d8       __xi_z                     000000018001f2d8     LIBCMT:initializers.obj
 0002:000002e0       __xp_a                     000000018001f2e0     LIBCMT:initializers.obj
 0002:000002e8       __acrt_locale_terminator   000000018001f2e8     libucrt:locale_initializer.obj
 0002:000002f0       __dcrt_console_output_terminator 000000018001f2f0     libucrt:console_output_initializer.obj
 0002:000002f8       __acrt_stdio_terminator    000000018001f2f8     libucrt:stdio_initializer.obj
 0002:00000300       __xp_z                     000000018001f300     LIBCMT:initializers.obj
 0002:00000308       __xt_a                     000000018001f308     LIBCMT:initializers.obj
 0002:00000310       __xt_z                     000000018001f310     LIBCMT:initializers.obj
 0002:00000320       __sz_node_exe              000000018001f320     node:node.exe
 0002:00000338       ??_7exception@std@@6B@     000000018001f338     libcpmt:xthrow.obj
 0002:00000348       ??_C@_0BC@EOODALEL@Unknown?5exception?$AA@ 000000018001f348     libcpmt:xthrow.obj
 0002:00000368       ??_7bad_alloc@std@@6B@     000000018001f368     libcpmt:xthrow.obj
 0002:00000378       ??_C@_0P@GHFPNOJB@bad?5allocation?$AA@ 000000018001f378     libcpmt:xthrow.obj
 0002:00000390       ??_7logic_error@std@@6B@   000000018001f390     libcpmt:xthrow.obj
 0002:000003a8       ??_7length_error@std@@6B@  000000018001f3a8     libcpmt:xthrow.obj
 0002:000003b8       _pDefaultRawDllMain        000000018001f3b8     LIBCMT:dll_dllmain.obj
 0002:000003b8       _pRawDllMain               000000018001f3b8     LIBCMT:dll_dllmain.obj
 0002:000003c8       ??_7type_info@@6B@         000000018001f3c8     LIBCMT:std_type_info_static.obj
 0002:000003e8       ??_7bad_array_new_length@std@@6B@ 000000018001f3e8     LIBCMT:throw_bad_alloc.obj
 0002:000003f8       ??_C@_0BF@KINCDENJ@bad?5array?5new?5length?$AA@ 000000018001f3f8     LIBCMT:throw_bad_alloc.obj
 0002:00000468       ??_C@_1DM@KHCHBNEB@?$AAa?$AAp?$AAi?$AA?9?$AAm?$AAs?$AA?9?$AAw?$AAi?$AAn?$AA?9?$AAc?$AAo?$AAr?$AAe?$AA?9?$AAf?$AAi?$AAb?$AAe?$AAr?$AAs?$AA?9?$AAl?$AA1?$AA?9?$AA1?$AA?9?$AA1?$AA?$AA@ 000000018001f468     libvcruntime:winapi_downlevel.obj
 0002:000004a8       ??_C@_1DK@LPPGFMPP@?$AAa?$AAp?$AAi?$AA?9?$AAm?$AAs?$AA?9?$AAw?$AAi?$AAn?$AA?9?$AAc?$AAo?$AAr?$AAe?$AA?9?$AAs?$AAy?$AAn?$AAc?$AAh?$AA?9?$AAl?$AA1?$AA?9?$AA2?$AA?9?$AA0?$AA?$AA@ 000000018001f4a8     libvcruntime:winapi_downlevel.obj
 0002:000004e8       ??_C@_1BC@GDMECMAK@?$AAk?$AAe?$AAr?$AAn?$AAe?$AAl?$AA3?$AA2?$AA?$AA@ 000000018001f4e8     libvcruntime:winapi_downlevel.obj
 0002:00000500       ??_C@_1BA@PFFKHIOG@?$AAa?$AAp?$AAi?$AA?9?$AAm?$AAs?$AA?9?$AA?$AA@ 000000018001f500     libvcruntime:winapi_downlevel.obj
 0002:00000510       ??_C@_1BA@IAIFMGEF@?$AAe?$AAx?$AAt?$AA?9?$AAm?$AAs?$AA?9?$AA?$AA@ 000000018001f510     libvcruntime:winapi_downlevel.obj
 0002:00000528       ??_C@_08KNHFBNJ@FlsAlloc?$AA@ 000000018001f528     libvcruntime:winapi_downlevel.obj
 0002:00000540       ??_C@_07PEJMOBNF@FlsFree?$AA@ 000000018001f540     libvcruntime:winapi_downlevel.obj
 0002:00000550       ??_C@_0M@GDNOONDI@FlsGetValue?$AA@ 000000018001f550     libvcruntime:winapi_downlevel.obj
 0002:00000568       ??_C@_0M@JCPCPOEF@FlsSetValue?$AA@ 000000018001f568     libvcruntime:winapi_downlevel.obj
 0002:00000580       ??_C@_0BM@HCFOFFN@InitializeCriticalSectionEx?$AA@ 000000018001f580     libvcruntime:winapi_downlevel.obj
 0002:000008d0       ??_C@_08EHJDFFNH@__based?$CI?$AA@ 000000018001f8d0     libvcruntime:undname.obj
 0002:000008e0       ??_C@_07KOLFKCDI@__cdecl?$AA@ 000000018001f8e0     libvcruntime:undname.obj
 0002:000008e8       ??_C@_08GHMPAG@__pascal?$AA@ 000000018001f8e8     libvcruntime:undname.obj
 0002:000008f8       ??_C@_09IFJBGAPI@__stdcall?$AA@ 000000018001f8f8     libvcruntime:undname.obj
 0002:00000908       ??_C@_0L@NPHFGOKO@__thiscall?$AA@ 000000018001f908     libvcruntime:undname.obj
 0002:00000918       ??_C@_0L@JMKHOMEK@__fastcall?$AA@ 000000018001f918     libvcruntime:undname.obj
 0002:00000928       ??_C@_0N@BCKKPABJ@__vectorcall?$AA@ 000000018001f928     libvcruntime:undname.obj
[...]
 0004:000013d4       $pdata$_write_nolock       00000001800303d4     libucrt:write.obj
 0004:000013e0       $pdata$_isleadbyte_l       00000001800303e0     libucrt:_wctype.obj
 0004:000013ec       $pdata$?__acrt_LCMapStringA_stat@@YAHPEAU__crt_locale_pointers@@PEB_WKPEBDHPEADHHH@Z 00000001800303ec     libucrt:lcmapstringa.obj
 0004:000013f8       $pdata$__acrt_LCMapStringA 00000001800303f8     libucrt:lcmapstringa.obj
 0004:00001404       $pdata$?__mbrtowc_utf8@__crt_mbstring@@YA_KPEA_WPEBD_KPEAU_Mbstatet@@@Z 0000000180030404     libucrt:mbrtowc.obj
 0004:00001410       $pdata$?__mbsrtowcs_utf8@__crt_mbstring@@YA_KPEA_WPEAPEBD_KPEAU_Mbstatet@@@Z 0000000180030410     libucrt:mbrtowc.obj
 0004:0000141c       $pdata$__acrt_fp_strflt_to_string 000000018003041c     libucrt:_fptostr.obj
 0004:00001428       $pdata$?divide@__crt_strtox@@YA_KAEAUbig_integer@1@AEBU21@@Z 0000000180030428     libucrt:cfout.obj
 0004:00001434       $pdata$0$?divide@__crt_strtox@@YA_KAEAUbig_integer@1@AEBU21@@Z 0000000180030434     libucrt:cfout.obj
 0004:00001440       $pdata$6$?divide@__crt_strtox@@YA_KAEAUbig_integer@1@AEBU21@@Z 0000000180030440     libucrt:cfout.obj
 0004:0000144c       $pdata$7$?divide@__crt_strtox@@YA_KAEAUbig_integer@1@AEBU21@@Z 000000018003044c     libucrt:cfout.obj
 0004:00001458       $pdata$8$?divide@__crt_strtox@@YA_KAEAUbig_integer@1@AEBU21@@Z 0000000180030458     libucrt:cfout.obj
 0004:00001464       $pdata$__acrt_fltout       0000000180030464     libucrt:cfout.obj
 0004:00001470       $pdata$memcpy_s            0000000180030470     libucrt:cfout.obj
 0004:0000147c       $pdata$??$write_buffer_nolock@D@@YA_NDV__crt_stdio_stream@@@Z 000000018003047c     libucrt:_flsbuf.obj
 0004:00001488       $pdata$??$write_buffer_nolock@_W@@YA_N_WV__crt_stdio_stream@@@Z 0000000180030488     libucrt:_flsbuf.obj
 0004:00001494       $pdata$__acrt_stdio_flush_and_write_narrow_nolock 0000000180030494     libucrt:_flsbuf.obj
 0004:000014a0       $pdata$__acrt_stdio_flush_and_write_wide_nolock 00000001800304a0     libucrt:_flsbuf.obj
 0004:000014ac       $pdata$_isatty             00000001800304ac     libucrt:isatty.obj
 0004:000014b8       $pdata$__acrt_locale_free_monetary 00000001800304b8     libucrt:initmon.obj
 0004:000014c4       $pdata$__acrt_locale_free_numeric 00000001800304c4     libucrt:initnum.obj
 0004:000014d0       $pdata$?free_crt_array_internal@@YAXQEAPEBX_K@Z 00000001800304d0     libucrt:inittime.obj
 0004:000014dc       $pdata$__acrt_locale_free_time 00000001800304dc     libucrt:inittime.obj
 0004:000014e8       $pdata$__acrt_GetStringTypeA 00000001800304e8     libucrt:getstringtypea.obj
 0004:000014f4       $pdata$__acrt_lowio_create_handle_array 00000001800304f4     libucrt:osfinfo.obj
 0004:00001500       $pdata$__acrt_lowio_destroy_handle_array 0000000180030500     libucrt:osfinfo.obj
 0004:0000150c       $pdata$__acrt_lowio_ensure_fh_exists 000000018003050c     libucrt:osfinfo.obj
 0004:00001518       $pdata$_free_osfhnd        0000000180030518     libucrt:osfinfo.obj
 0004:00001524       $pdata$_get_osfhandle      0000000180030524     libucrt:osfinfo.obj
 0004:00001530       $pdata$qsort               0000000180030530     libucrt:qsort.obj
 0004:0000153c       $pdata$4$qsort             000000018003053c     libucrt:qsort.obj
 0004:00001548       $pdata$5$qsort             0000000180030548     libucrt:qsort.obj
 0004:00001554       $pdata$strncpy_s           0000000180030554     libucrt:strncpy_s.obj
 0004:00001560       $pdata$fallbackMethod      0000000180030560     libucrt:strpbrk.obj
 0004:0000156c       $pdata$strpbrk             000000018003056c     libucrt:strpbrk.obj
 0004:00001578       $pdata$??$__acrt_convert_wcs_mbs@D_W$$A6A_KPEA_WPEBD_KPEAU__crt_locale_pointers@@@ZU__crt_win32_buffer_internal_dynamic_resizing@@@@YAHQEBDAEAV?$__crt_win32_buffer@_WU__crt_win32_buffer_internal_dynamic_resizing@@@@A6A_KPEA_WPEBD_KPEAU__crt_locale_pointers@@@Z5@Z 0000000180030578     libucrt:findfirstfileexa.obj
 0004:00001584       $pdata$__acrt_FindFirstFileExA 0000000180030584     libucrt:findfirstfileexa.obj
 0004:00001590       $pdata$??$__acrt_convert_wcs_mbs@_WD$$A6A_KPEADPEB_W_KPEAU__crt_locale_pointers@@@ZU__crt_win32_buffer_no_resizing@@@@YAHQEB_WAEAV?$__crt_win32_buffer@DU__crt_win32_buffer_no_resizing@@@@A6A_KPEADPEB_W_KPEAU__crt_locale_pointers@@@Z5@Z 0000000180030590     libucrt:findnextfilea.obj
 0004:0000159c       $pdata$__acrt_FindNextFileA 000000018003059c     libucrt:findnextfilea.obj
 0004:000015a8       $pdata$_mbsdec_l           00000001800305a8     libucrt:mbsdec.obj
 0004:000015b4       $pdata$?initialize_multibyte@@YAHXZ 00000001800305b4     libucrt:multibyte_initializer.obj
 0004:000015c0       $pdata$_msize_base         00000001800305c0     libucrt:msize.obj
 0004:000015cc       $pdata$_realloc_base       00000001800305cc     libucrt:realloc_base.obj
 0004:000015d8       $pdata$?GetTableIndexFromLocaleName@@YAHPEB_W@Z 00000001800305d8     libucrt:lcidtoname_downlevel.obj
 0004:000015e4       $pdata$__acrt_DownlevelLocaleNameToLCID 00000001800305e4     libucrt:lcidtoname_downlevel.obj
 0004:000015f0       $pdata$_fclose_nolock      00000001800305f0     libucrt:fclose.obj
 0004:000015fc       $pdata$fclose              00000001800305fc     libucrt:fclose.obj
 0004:00001608       $pdata$??$common_lseek@_J@@YA_JH_JH@Z 0000000180030608     libucrt:lseek.obj
 0004:00001614       $pdata$??$common_lseek_nolock@_J@@YA_JH_JH@Z 0000000180030614     libucrt:lseek.obj
 0004:00001620       $pdata$_putwch_nolock      0000000180030620     libucrt:putwch.obj
 0004:0000162c       $pdata$?__mbrtoc32_utf8@__crt_mbstring@@YA_KPEA_UPEBD_KPEAU_Mbstatet@@@Z 000000018003062c     libucrt:mbrtoc32.obj
 0004:00001638       $pdata$fegetenv            0000000180030638     libucrt:fegetenv.obj
 0004:00001644       $pdata$fesetenv            0000000180030644     libucrt:fesetenv.obj
 0004:00001650       $pdata$feholdexcept        0000000180030650     libucrt:feholdexcept.obj
 0004:00001668       $pdata$__acrt_stdio_allocate_buffer_nolock 0000000180030668     libucrt:_getbuf.obj
 0004:00001674       $pdata$?_wcstombs_l_helper@@YA_KPEADPEB_W_KPEAU__crt_locale_pointers@@@Z 0000000180030674     libucrt:wcstombs.obj
 0004:00001680       $pdata$??$?RV<lambda_751a882b2c74d4b022dec766aa51a29a>@@AEAV<lambda_628dfdc04ba53c8bfc02c9951375f3f5>@@V<lambda_f6c7be5f7998530c34de24c7437d6b54>@@@?$__crt_seh_guarded_call@H@@QEAAH$$QEAV<lambda_751a882b2c74d4b022dec766aa51a29a>@@AEAV<lambda_628dfdc04ba53c8bfc02c9951375f3f5>@@$$QEAV<lambda_f6c7be5f7998530c34de24c7437d6b54>@@@Z 0000000180030680     libucrt:close.obj
 0004:0000168c       $pdata$_close              000000018003068c     libucrt:close.obj
 0004:00001698       $pdata$_close_nolock       0000000180030698     libucrt:close.obj
 0004:000016a4       $pdata$__dcrt_lowio_ensure_console_output_initialized 00000001800306a4     libucrt:initcon.obj
 0004:000016b0       $pdata$__dcrt_terminate_console_output 00000001800306b0     libucrt:initcon.obj
 0004:000016bc       $pdata$__dcrt_write_console 00000001800306bc     libucrt:initcon.obj
 0004:000016c8       $pdata$__acrt_fenv_set_control 00000001800306c8     libucrt:_fenvutils.obj
 0004:000016d4       $pdata$_clearfp            00000001800306d4     libucrt:ieee.obj
 0004:000016e0       $pdata$_call_matherr       00000001800306e0     libucrt:libm_error.obj
 0004:000016ec       $pdata$_exception_enabled  00000001800306ec     libucrt:libm_error.obj
 0004:000016f8       $pdata$_handle_error       00000001800306f8     libucrt:libm_error.obj
 0004:00001704       $pdata$__acrt_initialize_fma3 0000000180030704     libucrt:fma3_available.obj
 0004:00001710       $pdata$_log10_special      0000000180030710     libucrt:log_special.obj
 0004:0000171c       $pdata$_log_special_common 000000018003071c     libucrt:log_special.obj
 0004:00001728       $pdata$?__wcsrtombs_utf8@__crt_mbstring@@YA_KPEADPEAPEB_W_KPEAU_Mbstatet@@@Z 0000000180030728     libucrt:wcrtomb.obj
 0004:00001740       $pdata$_raise_exc          0000000180030740     libucrt:fpexcept.obj
 0004:0000174c       $pdata$_raise_exc_ex       000000018003074c     libucrt:fpexcept.obj
 0004:00001758       $pdata$_set_errno_from_matherr 0000000180030758     libucrt:fpexcept.obj
 0004:00001764       $pdata$_clrfp              0000000180030764     libucrt:fpctrl.obj
 0004:00001770       $pdata$_ctrlfp             0000000180030770     libucrt:fpctrl.obj
 0004:0000177c       $pdata$_set_statfp         000000018003077c     libucrt:fpctrl.obj
 0004:00001788       $pdata$_statfp             0000000180030788     libucrt:fpctrl.obj
 0004:00001794       $pdata$?__c16rtomb_utf8@__crt_mbstring@@YA_KPEAD_SPEAU_Mbstatet@@@Z 0000000180030794     libucrt:c16rtomb.obj
 0004:000017a0       $pdata$?__c32rtomb_utf8@__crt_mbstring@@YA_KPEAD_UPEAU_Mbstatet@@@Z 00000001800307a0     libucrt:c32rtomb.obj
 0004:000017ac       $pdata$?DloadAcquireSectionWriteAccess@@YAXXZ 00000001800307ac     DelayImp:delayhlp.obj
 0004:000017b8       $pdata$?DloadGetSRWLockFunctionPointers@@YAEXZ 00000001800307b8     DelayImp:delayhlp.obj
 0004:000017c4       $pdata$?DloadMakePermanentImageCommit@@YAXPEAX_K@Z 00000001800307c4     DelayImp:delayhlp.obj
 0004:000017d0       $pdata$?DloadObtainSection@@YAPEAXPEAK0@Z 00000001800307d0     DelayImp:delayhlp.obj
 0004:000017dc       $pdata$?DloadProtectSection@@YAXKPEAK@Z 00000001800307dc     DelayImp:delayhlp.obj
 0004:000017e8       $pdata$?DloadReleaseSectionWriteAccess@@YAXXZ 00000001800307e8     DelayImp:delayhlp.obj
 0004:000017f4       $pdata$__delayLoadHelper2  00000001800307f4     DelayImp:delayhlp.obj
 0004:00001800       $pdata$_IsNonwritableInCurrentImage 0000000180030800     LIBCMT:pesect.obj
 0004:0000180c       $pdata$__GSHandlerCheck    000000018003080c     LIBCMT:_gshandler_.obj
 0004:00001818       $pdata$__GSHandlerCheckCommon 0000000180030818     LIBCMT:_gshandler_.obj
 0004:00001824       $pdata$__GSHandlerCheck_EH 0000000180030824     LIBCMT:gshandlereh.obj
 0004:00001830       $pdata$strrchr             0000000180030830     libvcruntime:strrchr.obj
 0004:00001854       $pdata$__scrt_is_nonwritable_in_current_image$filt$0 0000000180030854     LIBCMT:utility.obj
 0004:00001860       $pdata$?fin$0@?0??dllmain_crt_process_attach@@YAHQEAUHINSTANCE__@@QEAX@Z@4HA 0000000180030860     LIBCMT:dll_dllmain.obj
 0004:0000186c       $pdata$?fin$0@?0??dllmain_crt_process_detach@@YAH_N@Z@4HA 000000018003086c     LIBCMT:dll_dllmain.obj
 0004:00001878       $pdata$?filt$0@?0??dllmain_dispatch@@YAHQEAUHINSTANCE__@@KQEAX@Z@4HA 0000000180030878     LIBCMT:dll_dllmain.obj
 0004:00001884       $pdata$_CallSETranslator$filt$0 0000000180030884     libvcruntime:risctrnsctrl.obj
 0004:00001890       $pdata$__CxxCallCatchBlock$filt$0 0000000180030890     libvcruntime:frame.obj
 0004:0000189c       $pdata$__CxxCallCatchBlock$fin$1 000000018003089c     libvcruntime:frame.obj
 0004:000018a8       $pdata$__FrameUnwindToState$filt$0 00000001800308a8     libvcruntime:frame.obj
 0004:000018b4       $pdata$__FrameUnwindToState$fin$1 00000001800308b4     libvcruntime:frame.obj
 0004:000018c0       $pdata$__DestructExceptionObject$filt$0 00000001800308c0     libvcruntime:ehhelpers.obj
 0004:000018cc       $pdata$?fin$0@?0???$?RV<lambda_0d412022a4b28cc8a401ea49574e8ae6>@@AEAV<lambda_a775ed57af18ba8e4d5dc780aa9068fe>@@V<lambda_975a71a6baa488a08f4e15f6b0339b9e>@@@?$__crt_seh_guarded_call@H@@QEAAH$$QEAV<lambda_0d412022a4b28cc8a401ea49574e8ae6>@@AEAV<lambda_a775ed57af18ba8e4d5dc780aa9068fe>@@$$QEAV<lambda_975a71a6baa488a08f4e15f6b0339b9e>@@@Z@4HA 00000001800308cc     libucrt:output.obj
 0004:000018cc       $pdata$?fin$0@?0???$?RV<lambda_c376a267cfb53b6959b3b692ec76b120>@@AEAV<lambda_9a32fed5bf61b6b509b2d3f6003082a1>@@V<lambda_572fbb9fa0ab338edf41edfd4b5fcc8d>@@@?$__crt_seh_guarded_call@H@@QEAAH$$QEAV<lambda_c376a267cfb53b6959b3b692ec76b120>@@AEAV<lambda_9a32fed5bf61b6b509b2d3f6003082a1>@@$$QEAV<lambda_572fbb9fa0ab338edf41edfd4b5fcc8d>@@@Z@4HA 00000001800308cc     libucrt:fflush.obj
 0004:000018cc       $pdata$?fin$0@?0???$?RV<lambda_84ec643ea9557e2f7dc01bb0e9624395>@@AEAV<lambda_ca71763b3c0644891230e4f79ea54fa6>@@V<lambda_439a761618c59b0600e24586724d733b>@@@?$__crt_seh_guarded_call@H@@QEAAH$$QEAV<lambda_84ec643ea9557e2f7dc01bb0e9624395>@@AEAV<lambda_ca71763b3c0644891230e4f79ea54fa6>@@$$QEAV<lambda_439a761618c59b0600e24586724d733b>@@@Z@4HA 00000001800308cc     libucrt:setvbuf.obj
 0004:000018cc       $pdata$?fin$0@?0???$?RV<lambda_842d9ff0dc9ef11c61343bbaebe7f885>@@AEAV<lambda_c5860995281e5c4ce005b3de8f5874ee>@@V<lambda_d90129c13df834fdcbf8d2b88dafcf2d>@@@?$__crt_seh_guarded_call@X@@QEAAX$$QEAV<lambda_842d9ff0dc9ef11c61343bbaebe7f885>@@AEAV<lambda_c5860995281e5c4ce005b3de8f5874ee>@@$$QEAV<lambda_d90129c13df834fdcbf8d2b88dafcf2d>@@@Z@4HA 00000001800308cc     libucrt:fflush.obj
 0004:000018d8       $pdata$_query_new_handler$fin$0 00000001800308d8     libucrt:new_handler.obj
 0004:000018e4       $pdata$?fin$0@?0???$?RV<lambda_d80eeec6fff315bfe5c115232f3240e3>@@AEAV<lambda_6e4b09c48022b2350581041d5f6b0c4c>@@V<lambda_2358e3775559c9db80273638284d5e45>@@@?$__crt_seh_guarded_call@X@@QEAAX$$QEAV<lambda_d80eeec6fff315bfe5c115232f3240e3>@@AEAV<lambda_6e4b09c48022b2350581041d5f6b0c4c>@@$$QEAV<lambda_2358e3775559c9db80273638284d5e45>@@@Z@4HA 00000001800308e4     libucrt:exit.obj
 0004:000018e4       $pdata$?fin$0@?0???$?RV<lambda_8369fcb7c4df1e85de37618bd2b85f07>@@AEAV<lambda_a10e4b102d4a2c3aac6f4f48bbdf488f>@@V<lambda_5b7707bd6d7a0c4713179f36c7fd995d>@@@?$__crt_seh_guarded_call@H@@QEAAH$$QEAV<lambda_8369fcb7c4df1e85de37618bd2b85f07>@@AEAV<lambda_a10e4b102d4a2c3aac6f4f48bbdf488f>@@$$QEAV<lambda_5b7707bd6d7a0c4713179f36c7fd995d>@@@Z@4HA 00000001800308e4     libucrt:onexit.obj
 0004:000018e4       $pdata$?fin$0@?0???$?RV<lambda_450d765d439847d4c735a33c368b5fc0>@@AEAV<lambda_44731a7d0e6d81c3e6aa82d741081786>@@V<lambda_601a2a7da3b7a96e9554ac7215c4b07c>@@@?$__crt_seh_guarded_call@P6AXH@Z@@QEAAP6AXH@Z$$QEAV<lambda_450d765d439847d4c735a33c368b5fc0>@@AEAV<lambda_44731a7d0e6d81c3e6aa82d741081786>@@$$QEAV<lambda_601a2a7da3b7a96e9554ac7215c4b07c>@@@Z@4HA 00000001800308e4     libucrt:signal.obj
 0004:000018e4       $pdata$?fin$0@?0???$?RV<lambda_7777bce6b2f8c936911f934f8298dc43>@@AEAV<lambda_f03950bc5685219e0bcd2087efbe011e>@@V<lambda_3883c3dff614d5e0c5f61bb1ac94921c>@@@?$__crt_seh_guarded_call@H@@QEAAH$$QEAV<lambda_7777bce6b2f8c936911f934f8298dc43>@@AEAV<lambda_f03950bc5685219e0bcd2087efbe011e>@@$$QEAV<lambda_3883c3dff614d5e0c5f61bb1ac94921c>@@@Z@4HA 00000001800308e4     libucrt:onexit.obj
 0004:000018e4       $pdata$?fin$0@?0???$?RV<lambda_0ae27a3a962d80f24befdcbee591983d>@@AEAV<lambda_8d0ee55de4b1038c4002e0adecdf1839>@@V<lambda_dc504788e8f1664fe9b84e20bfb512f2>@@@?$__crt_seh_guarded_call@X@@QEAAX$$QEAV<lambda_0ae27a3a962d80f24befdcbee591983d>@@AEAV<lambda_8d0ee55de4b1038c4002e0adecdf1839>@@$$QEAV<lambda_dc504788e8f1664fe9b84e20bfb512f2>@@@Z@4HA 00000001800308e4     libucrt:per_thread_data.obj
 0004:000018e4       $pdata$?fin$0@?0???$?RV<lambda_aa87e3671a710a21b5dc78c0bdf72e11>@@AEAV<lambda_92619d2358a28f41a33ba319515a20b9>@@V<lambda_6992ecaafeb10aed2b74cb1fae11a551>@@@?$__crt_seh_guarded_call@X@@QEAAX$$QEAV<lambda_aa87e3671a710a21b5dc78c0bdf72e11>@@AEAV<lambda_92619d2358a28f41a33ba319515a20b9>@@$$QEAV<lambda_6992ecaafeb10aed2b74cb1fae11a551>@@@Z@4HA 00000001800308e4     libucrt:per_thread_data.obj
 0004:000018e4       $pdata$?fin$0@?0???$?RV<lambda_f2e299630e499de9f9a165e60fcd3db5>@@AEAV<lambda_2ae9d31cdba2644fcbeaf08da7c24588>@@V<lambda_40d01ff24d0e7b3814fdbdcee8eab3c7>@@@?$__crt_seh_guarded_call@X@@QEAAX$$QEAV<lambda_f2e299630e499de9f9a165e60fcd3db5>@@AEAV<lambda_2ae9d31cdba2644fcbeaf08da7c24588>@@$$QEAV<lambda_40d01ff24d0e7b3814fdbdcee8eab3c7>@@@Z@4HA 00000001800308e4     libucrt:per_thread_data.obj
 0004:000018e4       $pdata$?fin$0@?0???$?RV<lambda_2d41944a1d46af3157314b8a01080d33>@@AEAV<lambda_8f455de75cd7d7f24b4096f044d8b9e6>@@V<lambda_aa500f224e6afead328df44964fe2772>@@@?$__crt_seh_guarded_call@X@@QEAAX$$QEAV<lambda_2d41944a1d46af3157314b8a01080d33>@@AEAV<lambda_8f455de75cd7d7f24b4096f044d8b9e6>@@$$QEAV<lambda_aa500f224e6afead328df44964fe2772>@@@Z@4HA 00000001800308e4     libucrt:per_thread_data.obj
 0004:000018e4       $pdata$?fin$0@?0???$?RV<lambda_efdfa57d1f175319df784efa44bb7b81>@@AEAV<lambda_5f0a4c1567f8adc6734073e5d1e1b35c>@@V<lambda_2e8a7d3640ea6ccb4c2413664c2db6fd>@@@?$__crt_seh_guarded_call@X@@QEAAX$$QEAV<lambda_efdfa57d1f175319df784efa44bb7b81>@@AEAV<lambda_5f0a4c1567f8adc6734073e5d1e1b35c>@@$$QEAV<lambda_2e8a7d3640ea6ccb4c2413664c2db6fd>@@@Z@4HA 00000001800308e4     libucrt:mbctype.obj
 0004:000018f0       $pdata$?filt$0@?0???R<lambda_6e4b09c48022b2350581041d5f6b0c4c>@@QEBA@XZ@4HA 00000001800308f0     libucrt:exit.obj
 0004:000018fc       $pdata$?fin$0@?0???$?RV<lambda_886d6c58226a84441f68b9f2b8217b83>@@AEAV<lambda_ab61a845afdef5b7c387490eaf3616ee>@@V<lambda_f7f22ab5edc0698d5f6905b0d3f44752>@@@?$__crt_seh_guarded_call@X@@QEAAX$$QEAV<lambda_886d6c58226a84441f68b9f2b8217b83>@@AEAV<lambda_ab61a845afdef5b7c387490eaf3616ee>@@$$QEAV<lambda_f7f22ab5edc0698d5f6905b0d3f44752>@@@Z@4HA 00000001800308fc     libucrt:fflush.obj
 0004:00001908       $pdata$raise$fin$0         0000000180030908     libucrt:signal.obj
 0004:00001914       $pdata$?fin$0@?0???$?RV<lambda_410d79af7f07d98d83a3f525b3859a53>@@AEAV<lambda_3e16ef9562a7dcce91392c22ab16ea36>@@V<lambda_38119f0e861e05405d8a144b9b982f0a>@@@?$__crt_seh_guarded_call@X@@QEAAX$$QEAV<lambda_410d79af7f07d98d83a3f525b3859a53>@@AEAV<lambda_3e16ef9562a7dcce91392c22ab16ea36>@@$$QEAV<lambda_38119f0e861e05405d8a144b9b982f0a>@@@Z@4HA 0000000180030914     libucrt:wsetlocale.obj
 0004:00001920       $pdata$__acrt_initialize_lowio$fin$0 0000000180030920     libucrt:ioinit.obj
 0004:00001920       $pdata$__acrt_lowio_ensure_fh_exists$fin$0 0000000180030920     libucrt:osfinfo.obj
 0004:0000192c       $pdata$?fin$0@?0??update_thread_multibyte_data_internal@@YAPEAU__crt_multibyte_data@@QEAU__acrt_ptd@@QEAPEAU1@@Z@4HA 000000018003092c     libucrt:mbctype.obj
 0004:00001938       $pdata$__acrt_update_thread_locale_data$fin$0 0000000180030938     libucrt:locale_refcounting.obj
 0004:00001944       $pdata$_fcloseall$fin$0    0000000180030944     libucrt:closeall.obj
 0004:00001950       $pdata$?fin$0@?0???$?RV<lambda_751a882b2c74d4b022dec766aa51a29a>@@AEAV<lambda_628dfdc04ba53c8bfc02c9951375f3f5>@@V<lambda_f6c7be5f7998530c34de24c7437d6b54>@@@?$__crt_seh_guarded_call@H@@QEAAH$$QEAV<lambda_751a882b2c74d4b022dec766aa51a29a>@@AEAV<lambda_628dfdc04ba53c8bfc02c9951375f3f5>@@$$QEAV<lambda_f6c7be5f7998530c34de24c7437d6b54>@@@Z@4HA 0000000180030950     libucrt:close.obj
 0004:00001950       $pdata$?fin$0@?0???$?RV<lambda_a37b2b86f63e897a80ea819b0eb08c01>@@AEAV<lambda_38ce7e780aa69e748d6df282ebc68efe>@@V<lambda_99fb1378e971ab6e7edea83e3a7a83a2>@@@?$__crt_seh_guarded_call@H@@QEAAH$$QEAV<lambda_a37b2b86f63e897a80ea819b0eb08c01>@@AEAV<lambda_38ce7e780aa69e748d6df282ebc68efe>@@$$QEAV<lambda_99fb1378e971ab6e7edea83e3a7a83a2>@@@Z@4HA 0000000180030950     libucrt:commit.obj
 0004:0000195c       $pdata$_write$fin$0        000000018003095c     libucrt:write.obj
 0004:0000195c       $pdata$?fin$0@?0???$common_lseek@_J@@YA_JH_JH@Z@4HA 000000018003095c     libucrt:lseek.obj
 0004:00001968       $pdata$fclose$fin$0        0000000180030968     libucrt:fclose.obj
 0004:00001974       $pdata$_ctrlfp$filt$0      0000000180030974     libucrt:fpctrl.obj
 0004:00001980       $pdata$_IsNonwritableInCurrentImage$filt$0 0000000180030980     LIBCMT:pesect.obj
 0004:0000198c       $pdata$??__F?g_queue@CallbackInfo@@0V?$queue@PEAVThreadedCallbackInvokation@@V?$deque@PEAVThreadedCallbackInvokation@@V?$allocator@PEAVThreadedCallbackInvokation@@@std@@@std@@@std@@A@@YAXXZ 000000018003098c     callback_info.obj
 0005:00000060       $R000000                   0000000180031060     * linker generated manifest res *

 Exports

  ordinal    name

        1    _register_ffi_bindings_
